Archive member included to satisfy reference by file (symbol)

C:/ST/STM32CubeIDE_1.19.0/STM32CubeIDE/plugins/com.st.stm32cube.ide.mcu.externaltools.gnu-tools-for-stm32.13.3.rel1.win32_1.0.0.202411081344/tools/bin/../lib/gcc/arm-none-eabi/13.3.1/../../../../arm-none-eabi/lib/thumb/v7e-m+fp/hard\libc_nano.a(libc_a-assert.o)
                              ./IOT_SDK/BSP/esp32_at.o (__assert_func)
C:/ST/STM32CubeIDE_1.19.0/STM32CubeIDE/plugins/com.st.stm32cube.ide.mcu.externaltools.gnu-tools-for-stm32.13.3.rel1.win32_1.0.0.202411081344/tools/bin/../lib/gcc/arm-none-eabi/13.3.1/../../../../arm-none-eabi/lib/thumb/v7e-m+fp/hard\libc_nano.a(libc_a-atoi.o)
                              ./IOT_SDK/BSP/esp32_at.o (atoi)
C:/ST/STM32CubeIDE_1.19.0/STM32CubeIDE/plugins/com.st.stm32cube.ide.mcu.externaltools.gnu-tools-for-stm32.13.3.rel1.win32_1.0.0.202411081344/tools/bin/../lib/gcc/arm-none-eabi/13.3.1/../../../../arm-none-eabi/lib/thumb/v7e-m+fp/hard\libc_nano.a(libc_a-exit.o)
                              C:/ST/STM32CubeIDE_1.19.0/STM32CubeIDE/plugins/com.st.stm32cube.ide.mcu.externaltools.gnu-tools-for-stm32.13.3.rel1.win32_1.0.0.202411081344/tools/bin/../lib/gcc/arm-none-eabi/13.3.1/../../../../arm-none-eabi/lib/thumb/v7e-m+fp/hard/crt0.o (exit)
C:/ST/STM32CubeIDE_1.19.0/STM32CubeIDE/plugins/com.st.stm32cube.ide.mcu.externaltools.gnu-tools-for-stm32.13.3.rel1.win32_1.0.0.202411081344/tools/bin/../lib/gcc/arm-none-eabi/13.3.1/../../../../arm-none-eabi/lib/thumb/v7e-m+fp/hard\libc_nano.a(libc_a-malloc.o)
                              ./IOT_SDK/Thirdparty/aws-iot-device-sdk-libraries/3rdparty/tinycbor/src/cborparser_dup_string.o (malloc)
C:/ST/STM32CubeIDE_1.19.0/STM32CubeIDE/plugins/com.st.stm32cube.ide.mcu.externaltools.gnu-tools-for-stm32.13.3.rel1.win32_1.0.0.202411081344/tools/bin/../lib/gcc/arm-none-eabi/13.3.1/../../../../arm-none-eabi/lib/thumb/v7e-m+fp/hard\libc_nano.a(libc_a-mallocr.o)
                              C:/ST/STM32CubeIDE_1.19.0/STM32CubeIDE/plugins/com.st.stm32cube.ide.mcu.externaltools.gnu-tools-for-stm32.13.3.rel1.win32_1.0.0.202411081344/tools/bin/../lib/gcc/arm-none-eabi/13.3.1/../../../../arm-none-eabi/lib/thumb/v7e-m+fp/hard\libc_nano.a(libc_a-malloc.o) (_malloc_r)
C:/ST/STM32CubeIDE_1.19.0/STM32CubeIDE/plugins/com.st.stm32cube.ide.mcu.externaltools.gnu-tools-for-stm32.13.3.rel1.win32_1.0.0.202411081344/tools/bin/../lib/gcc/arm-none-eabi/13.3.1/../../../../arm-none-eabi/lib/thumb/v7e-m+fp/hard\libc_nano.a(libc_a-mlock.o)
                              C:/ST/STM32CubeIDE_1.19.0/STM32CubeIDE/plugins/com.st.stm32cube.ide.mcu.externaltools.gnu-tools-for-stm32.13.3.rel1.win32_1.0.0.202411081344/tools/bin/../lib/gcc/arm-none-eabi/13.3.1/../../../../arm-none-eabi/lib/thumb/v7e-m+fp/hard\libc_nano.a(libc_a-mallocr.o) (__malloc_lock)
C:/ST/STM32CubeIDE_1.19.0/STM32CubeIDE/plugins/com.st.stm32cube.ide.mcu.externaltools.gnu-tools-for-stm32.13.3.rel1.win32_1.0.0.202411081344/tools/bin/../lib/gcc/arm-none-eabi/13.3.1/../../../../arm-none-eabi/lib/thumb/v7e-m+fp/hard\libc_nano.a(libc_a-strtol.o)
                              C:/ST/STM32CubeIDE_1.19.0/STM32CubeIDE/plugins/com.st.stm32cube.ide.mcu.externaltools.gnu-tools-for-stm32.13.3.rel1.win32_1.0.0.202411081344/tools/bin/../lib/gcc/arm-none-eabi/13.3.1/../../../../arm-none-eabi/lib/thumb/v7e-m+fp/hard\libc_nano.a(libc_a-atoi.o) (_strtol_r)
C:/ST/STM32CubeIDE_1.19.0/STM32CubeIDE/plugins/com.st.stm32cube.ide.mcu.externaltools.gnu-tools-for-stm32.13.3.rel1.win32_1.0.0.202411081344/tools/bin/../lib/gcc/arm-none-eabi/13.3.1/../../../../arm-none-eabi/lib/thumb/v7e-m+fp/hard\libc_nano.a(libc_a-ctype_.o)
                              C:/ST/STM32CubeIDE_1.19.0/STM32CubeIDE/plugins/com.st.stm32cube.ide.mcu.externaltools.gnu-tools-for-stm32.13.3.rel1.win32_1.0.0.202411081344/tools/bin/../lib/gcc/arm-none-eabi/13.3.1/../../../../arm-none-eabi/lib/thumb/v7e-m+fp/hard\libc_nano.a(libc_a-strtol.o) (_ctype_)
C:/ST/STM32CubeIDE_1.19.0/STM32CubeIDE/plugins/com.st.stm32cube.ide.mcu.externaltools.gnu-tools-for-stm32.13.3.rel1.win32_1.0.0.202411081344/tools/bin/../lib/gcc/arm-none-eabi/13.3.1/../../../../arm-none-eabi/lib/thumb/v7e-m+fp/hard\libc_nano.a(libc_a-nano-vfprintf.o)
                              ./IOT_SDK/Thirdparty/aws-iot-device-sdk-libraries/3rdparty/tinycbor/src/cborpretty_stdio.o (vfprintf)
C:/ST/STM32CubeIDE_1.19.0/STM32CubeIDE/plugins/com.st.stm32cube.ide.mcu.externaltools.gnu-tools-for-stm32.13.3.rel1.win32_1.0.0.202411081344/tools/bin/../lib/gcc/arm-none-eabi/13.3.1/../../../../arm-none-eabi/lib/thumb/v7e-m+fp/hard\libc_nano.a(libc_a-nano-vfprintf_i.o)
                              C:/ST/STM32CubeIDE_1.19.0/STM32CubeIDE/plugins/com.st.stm32cube.ide.mcu.externaltools.gnu-tools-for-stm32.13.3.rel1.win32_1.0.0.202411081344/tools/bin/../lib/gcc/arm-none-eabi/13.3.1/../../../../arm-none-eabi/lib/thumb/v7e-m+fp/hard\libc_nano.a(libc_a-nano-vfprintf.o) (_printf_i)
[...]
Memory Configuration

Name             Origin             Length             Attributes
RAM              0x20000000         0x00020000         xrw
FLASH            0x08000000         0x00080000         xr
*default*        0x00000000         0xffffffff

Linker script and memory map

LOAD C:/ST/STM32CubeIDE_1.19.0/STM32CubeIDE/plugins/com.st.stm32cube.ide.mcu.externaltools.gnu-tools-for-stm32.13.3.rel1.win32_1.0.0.202411081344/tools/bin/../lib/gcc/arm-none-eabi/13.3.1/thumb/v7e-m+fp/hard/crti.o
LOAD C:/ST/STM32CubeIDE_1.19.0/STM32CubeIDE/plugins/com.st.stm32cube.ide.mcu.externaltools.gnu-tools-for-stm32.13.3.rel1.win32_1.0.0.202411081344/tools/bin/../lib/gcc/arm-none-eabi/13.3.1/thumb/v7e-m+fp/hard/crtbegin.o
LOAD C:/ST/STM32CubeIDE_1.19.0/STM32CubeIDE/plugins/com.st.stm32cube.ide.mcu.externaltools.gnu-tools-for-stm32.13.3.rel1.win32_1.0.0.202411081344/tools/bin/../lib/gcc/arm-none-eabi/13.3.1/../../../../arm-none-eabi/lib/thumb/v7e-m+fp/hard/crt0.o
LOAD ./Core/Src/it.o
LOAD ./Core/Src/main.o
LOAD ./Core/Src/msp.o
LOAD ./Core/Src/ssd_1306.o
LOAD ./Core/Src/system_stm32f4xx.o
LOAD ./Core/Startup/startup_stm32f411ceux.o
LOAD ./Drivers/STM32F4xx_HAL_Driver/Src/stm32f4xx_hal.o
LOAD ./Drivers/STM32F4xx_HAL_Driver/Src/stm32f4xx_hal_cortex.o
LOAD ./Drivers/STM32F4xx_HAL_Driver/Src/stm32f4xx_hal_dma.o
LOAD ./Drivers/STM32F4xx_HAL_Driver/Src/stm32f4xx_hal_dma_ex.o
LOAD ./Drivers/STM32F4xx_HAL_Driver/Src/stm32f4xx_hal_exti.o
LOAD ./Drivers/STM32F4xx_HAL_Driver/Src/stm32f4xx_hal_flash.o
LOAD ./Drivers/STM32F4xx_HAL_Driver/Src/stm32f4xx_hal_flash_ex.o
LOAD ./Drivers/STM32F4xx_HAL_Driver/Src/stm32f4xx_hal_flash_ramfunc.o
LOAD ./Drivers/STM32F4xx_HAL_Driver/Src/stm32f4xx_hal_gpio.o
LOAD ./Drivers/STM32F4xx_HAL_Driver/Src/stm32f4xx_hal_pwr.o
LOAD ./Drivers/STM32F4xx_HAL_Driver/Src/stm32f4xx_hal_pwr_ex.o
LOAD ./Drivers/STM32F4xx_HAL_Driver/Src/stm32f4xx_hal_rcc.o
LOAD ./Drivers/STM32F4xx_HAL_Driver/Src/stm32f4xx_hal_rcc_ex.o
LOAD ./Drivers/STM32F4xx_HAL_Driver/Src/stm32f4xx_hal_rtc.o
LOAD ./Drivers/STM32F4xx_HAL_Driver/Src/stm32f4xx_hal_rtc_ex.o
LOAD ./Drivers/STM32F4xx_HAL_Driver/Src/stm32f4xx_hal_spi.o
LOAD ./Drivers/STM32F4xx_HAL_Driver/Src/stm32f4xx_hal_tim.o
LOAD ./Drivers/STM32F4xx_HAL_Driver/Src/stm32f4xx_hal_tim_ex.o
LOAD ./Drivers/STM32F4xx_HAL_Driver/Src/stm32f4xx_hal_uart.o
LOAD ./IOT_SDK/BSP/esp32_at.o
LOAD ./IOT_SDK/BSP/esp32_at_io.o
LOAD ./IOT_SDK/BSP/hc_sr04.o
LOAD ./IOT_SDK/BSP/utils/fonts.o
LOAD ./IOT_SDK/BSP/utils/oled_util.o
LOAD ./IOT_SDK/BSP/utils/ota_flash.o
LOAD ./IOT_SDK/Thirdparty/FreeRTOS-Kernel/croutine.o
LOAD ./IOT_SDK/Thirdparty/FreeRTOS-Kernel/event_groups.o
LOAD ./IOT_SDK/Thirdparty/FreeRTOS-Kernel/freertos_hooks.o
LOAD ./IOT_SDK/Thirdparty/FreeRTOS-Kernel/list.o
LOAD ./IOT_SDK/Thirdparty/FreeRTOS-Kernel/queue.o
LOAD ./IOT_SDK/Thirdparty/FreeRTOS-Kernel/stream_buffer.o
LOAD ./IOT_SDK/Thirdparty/FreeRTOS-Kernel/tasks.o
LOAD ./IOT_SDK/Thirdparty/FreeRTOS-Kernel/timers.o
LOAD ./IOT_SDK/Thirdparty/FreeRTOS-Kernel/portable/GCC/ARM_CM4F/port.o
LOAD ./IOT_SDK/Thirdparty/FreeRTOS-Kernel/portable/MemMang/heap_4.o
LOAD ./IOT_SDK/Thirdparty/aws-iot-device-sdk-libraries/3rdparty/tinycbor/src/cborencoder.o
LOAD ./IOT_SDK/Thirdparty/aws-iot-device-sdk-libraries/3rdparty/tinycbor/src/cborencoder_close_container_checked.o
LOAD ./IOT_SDK/Thirdparty/aws-iot-device-sdk-libraries/3rdparty/tinycbor/src/cborerrorstrings.o
LOAD ./IOT_SDK/Thirdparty/aws-iot-device-sdk-libraries/3rdparty/tinycbor/src/cborparser.o
LOAD ./IOT_SDK/Thirdparty/aws-iot-device-sdk-libraries/3rdparty/tinycbor/src/cborparser_dup_string.o
LOAD ./IOT_SDK/Thirdparty/aws-iot-device-sdk-libraries/3rdparty/tinycbor/src/cborpretty.o
LOAD ./IOT_SDK/Thirdparty/aws-iot-device-sdk-libraries/3rdparty/tinycbor/src/cborpretty_stdio.o
LOAD ./IOT_SDK/Thirdparty/aws-iot-device-sdk-libraries/3rdparty/tinycbor/src/cbortojson.o
LOAD ./IOT_SDK/Thirdparty/aws-iot-device-sdk-libraries/3rdparty/tinycbor/src/cborvalidation.o
LOAD ./IOT_SDK/Thirdparty/aws-iot-device-sdk-libraries/aws/Jobs-for-AWS-IoT-embedded-sdk/source/jobs.o
LOAD ./IOT_SDK/Thirdparty/aws-iot-device-sdk-libraries/aws/Jobs-for-AWS-IoT-embedded-sdk/source/otaJobParser/job_parser.o
LOAD ./IOT_SDK/Thirdparty/aws-iot-device-sdk-libraries/aws/Jobs-for-AWS-IoT-embedded-sdk/source/otaJobParser/ota_job_handler.o
LOAD ./IOT_SDK/Thirdparty/aws-iot-device-sdk-libraries/aws/aws-iot-core-mqtt-file-streams/source/MQTTFileDownloader.o
LOAD ./IOT_SDK/Thirdparty/aws-iot-device-sdk-libraries/aws/aws-iot-core-mqtt-file-streams/source/MQTTFileDownloader_base64.o
LOAD ./IOT_SDK/Thirdparty/aws-iot-device-sdk-libraries/aws/aws-iot-core-mqtt-file-streams/source/MQTTFileDownloader_cbor.o
LOAD ./IOT_SDK/Thirdparty/aws-iot-device-sdk-libraries/standard/coreJSON/source/core_json.o
LOAD ./IOT_SDK/mqtt_helper/mqtt_helper.o
START GROUP
LOAD C:/ST/STM32CubeIDE_1.19.0/STM32CubeIDE/plugins/com.st.stm32cube.ide.mcu.externaltools.gnu-tools-for-stm32.13.3.rel1.win32_1.0.0.202411081344/tools/bin/../lib/gcc/arm-none-eabi/13.3.1/../../../../arm-none-eabi/lib/thumb/v7e-m+fp/hard\libc_nano.a
LOAD C:/ST/STM32CubeIDE_1.19.0/STM32CubeIDE/plugins/com.st.stm32cube.ide.mcu.externaltools.gnu-tools-for-stm32.13.3.rel1.win32_1.0.0.202411081344/tools/bin/../lib/gcc/arm-none-eabi/13.3.1/../../../../arm-none-eabi/lib/thumb/v7e-m+fp/hard\libm.a
END GROUP
START GROUP
LOAD C:/ST/STM32CubeIDE_1.19.0/STM32CubeIDE/plugins/com.st.stm32cube.ide.mcu.externaltools.gnu-tools-for-stm32.13.3.rel1.win32_1.0.0.202411081344/tools/bin/../lib/gcc/arm-none-eabi/13.3.1/thumb/v7e-m+fp/hard\libgcc.a
LOAD C:/ST/STM32CubeIDE_1.19.0/STM32CubeIDE/plugins/com.st.stm32cube.ide.mcu.externaltools.gnu-tools-for-stm32.13.3.rel1.win32_1.0.0.202411081344/tools/bin/../lib/gcc/arm-none-eabi/13.3.1/../../../../arm-none-eabi/lib/thumb/v7e-m+fp/hard\libc_nano.a
END GROUP
START GROUP
LOAD C:/ST/STM32CubeIDE_1.19.0/STM32CubeIDE/plugins/com.st.stm32cube.ide.mcu.externaltools.gnu-tools-for-stm32.13.3.rel1.win32_1.0.0.202411081344/tools/bin/../lib/gcc/arm-none-eabi/13.3.1/thumb/v7e-m+fp/hard\libgcc.a
LOAD C:/ST/STM32CubeIDE_1.19.0/STM32CubeIDE/plugins/com.st.stm32cube.ide.mcu.externaltools.gnu-tools-for-stm32.13.3.rel1.win32_1.0.0.202411081344/tools/bin/../lib/gcc/arm-none-eabi/13.3.1/../../../../arm-none-eabi/lib/thumb/v7e-m+fp/hard\libc_nano.a
LOAD C:/ST/STM32CubeIDE_1.19.0/STM32CubeIDE/plugins/com.st.stm32cube.ide.mcu.externaltools.gnu-tools-for-stm32.13.3.rel1.win32_1.0.0.202411081344/tools/bin/../lib/gcc/arm-none-eabi/13.3.1/../../../../arm-none-eabi/lib/thumb/v7e-m+fp/hard\libnosys.a
END GROUP
START GROUP
LOAD C:/ST/STM32CubeIDE_1.19.0/STM32CubeIDE/plugins/com.st.stm32cube.ide.mcu.externaltools.gnu-tools-for-stm32.13.3.rel1.win32_1.0.0.202411081344/tools/bin/../lib/gcc/arm-none-eabi/13.3.1/thumb/v7e-m+fp/hard\libgcc.a
LOAD C:/ST/STM32CubeIDE_1.19.0/STM32CubeIDE/plugins/com.st.stm32cube.ide.mcu.externaltools.gnu-tools-for-stm32.13.3.rel1.win32_1.0.0.202411081344/tools/bin/../lib/gcc/arm-none-eabi/13.3.1/../../../../arm-none-eabi/lib/thumb/v7e-m+fp/hard\libc_nano.a
LOAD C:/ST/STM32CubeIDE_1.19.0/STM32CubeIDE/plugins/com.st.stm32cube.ide.mcu.externaltools.gnu-tools-for-stm32.13.3.rel1.win32_1.0.0.202411081344/tools/bin/../lib/gcc/arm-none-eabi/13.3.1/../../../../arm-none-eabi/lib/thumb/v7e-m+fp/hard\libnosys.a
END GROUP
LOAD C:/ST/STM32CubeIDE_1.19.0/STM32CubeIDE/plugins/com.st.stm32cube.ide.mcu.externaltools.gnu-tools-for-stm32.13.3.rel1.win32_1.0.0.202411081344/tools/bin/../lib/gcc/arm-none-eabi/13.3.1/thumb/v7e-m+fp/hard/crtend.o
LOAD C:/ST/STM32CubeIDE_1.19.0/STM32CubeIDE/plugins/com.st.stm32cube.ide.mcu.externaltools.gnu-tools-for-stm32.13.3.rel1.win32_1.0.0.202411081344/tools/bin/../lib/gcc/arm-none-eabi/13.3.1/thumb/v7e-m+fp/hard/crtn.o
                0x20020000                        _estack = (ORIGIN (RAM) + LENGTH (RAM))
                0x00000200                        _Min_Heap_Size = 0x200
                0x00000400                        _Min_Stack_Size = 0x400

.isr_vector     0x08000000      0x198
                0x08000000                        . = ALIGN (0x4)
 *(.isr_vector)
 .isr_vector    0x08000000      0x198 ./Core/Startup/startup_stm32f411ceux.o
                0x08000000                g_pfnVectors
                0x08000198                        . = ALIGN (0x4)

.text           0x080001a0     0xa424
                0x080001a0                        . = ALIGN (0x4)
 *(.text)
 .text          0x080001a0       0x40 C:/ST/STM32CubeIDE_1.19.0/STM32CubeIDE/plugins/com.st.stm32cube.ide.mcu.externaltools.gnu-tools-for-stm32.13.3.rel1.win32_1.0.0.202411081344/tools/bin/../lib/gcc/arm-none-eabi/13.3.1/thumb/v7e-m+fp/hard/crtbegin.o
 .text          0x080001e0       0xa0 C:/ST/STM32CubeIDE_1.19.0/STM32CubeIDE/plugins/com.st.stm32cube.ide.mcu.externaltools.gnu-tools-for-stm32.13.3.rel1.win32_1.0.0.202411081344/tools/bin/../lib/gcc/arm-none-eabi/13.3.1/../../../../arm-none-eabi/lib/thumb/v7e-m+fp/hard\libc_nano.a(libc_a-memchr.o)
                0x080001e0                memchr
 .text          0x08000280       0x10 C:/ST/STM32CubeIDE_1.19.0/STM32CubeIDE/plugins/com.st.stm32cube.ide.mcu.externaltools.gnu-tools-for-stm32.13.3.rel1.win32_1.0.0.202411081344/tools/bin/../lib/gcc/arm-none-eabi/13.3.1/../../../../arm-none-eabi/lib/thumb/v7e-m+fp/hard\libc_nano.a(libc_a-strlen.o)
                0x08000280                strlen
 .text          0x08000290       0x30 C:/ST/STM32CubeIDE_1.19.0/STM32CubeIDE/plugins/com.st.stm32cube.ide.mcu.externaltools.gnu-tools-for-stm32.13.3.rel1.win32_1.0.0.202411081344/tools/bin/../lib/gcc/arm-none-eabi/13.3.1/thumb/v7e-m+fp/hard\libgcc.a(_aeabi_uldivmod.o)
                0x08000290                __aeabi_uldivmod
 .text          0x080002c0      0x2f8 C:/ST/STM32CubeIDE_1.19.0/STM32CubeIDE/plugins/com.st.stm32cube.ide.mcu.externaltools.gnu-tools-for-stm32.13.3.rel1.win32_1.0.0.202411081344/tools/bin/../lib/gcc/arm-none-eabi/13.3.1/thumb/v7e-m+fp/hard\libgcc.a(_udivmoddi4.o)
                0x080002c0                __udivmoddi4
 .text          0x080005b8        0x4 C:/ST/STM32CubeIDE_1.19.0/STM32CubeIDE/plugins/com.st.stm32cube.ide.mcu.externaltools.gnu-tools-for-stm32.13.3.rel1.win32_1.0.0.202411081344/tools/bin/../lib/gcc/arm-none-eabi/13.3.1/thumb/v7e-m+fp/hard\libgcc.a(_dvmd_tls.o)
                0x080005b8                __aeabi_idiv0
                0x080005b8                __aeabi_ldiv0
 *(.text*)
 .text.TIM5_IRQHandler
                0x080005bc       0x14 ./Core/Src/it.o
                0x080005bc                TIM5_IRQHandler
 .text.EXTI0_IRQHandler
                0x080005d0        0xe ./Core/Src/it.o
                0x080005d0                EXTI0_IRQHandler
 *fill*         0x080005de        0x2 
 .text.USART6_IRQHandler
                0x080005e0       0x14 ./Core/Src/it.o
                0x080005e0                USART6_IRQHandler
 .text.USART2_IRQHandler
                0x080005f4       0x14 ./Core/Src/it.o
                0x080005f4                USART2_IRQHandler
 .text.USART1_IRQHandler
                0x08000608       0x14 ./Core/Src/it.o
                0x08000608                USART1_IRQHandler
 .text.vote_cast_task
                0x0800061c      0x154 ./Core/Src/main.o
                0x0800061c                vote_cast_task
 .text.at_cmd_handle_task
                0x08000770      0x2c0 ./Core/Src/main.o
                0x08000770                at_cmd_handle_task
 .text.main     0x08000a30      0x3b8 ./Core/Src/main.o
                0x08000a30                main
 .text.SystemClock_Config
                0x08000de8       0xe0 ./Core/Src/main.o
                0x08000de8                SystemClock_Config
 .text.UART2_Init
                0x08000ec8       0x4c ./Core/Src/main.o
                0x08000ec8                UART2_Init
 .text.UART1_Init
                0x08000f14       0x4c ./Core/Src/main.o
                0x08000f14                UART1_Init
 .text.MX_SPI1_Init
                0x08000f60       0x6c ./Core/Src/main.o
                0x08000f60                MX_SPI1_Init
 .text.OLED_GPIO_Init
                0x08000fcc       0x78 ./Core/Src/main.o
                0x08000fcc                OLED_GPIO_Init
 .text.GPIO_Button_Init
                0x08001044       0x74 ./Core/Src/main.o
                0x08001044                GPIO_Button_Init
 .text.HAL_GPIO_EXTI_Callback
                0x080010b8       0x50 ./Core/Src/main.o
                0x080010b8                HAL_GPIO_EXTI_Callback
 .text.Img_to_char1
                0x08001108       0x68 ./Core/Src/main.o
                0x08001108                Img_to_char1
 .text.Search_the_id
                0x08001170      0x1f4 ./Core/Src/main.o
                0x08001170                Search_the_id
 .text.Scan_finger_search
                0x08001364       0xb8 ./Core/Src/main.o
                0x08001364                Scan_finger_search
 .text.check    0x0800141c        0xc ./Core/Src/main.o
                0x0800141c                check
 .text.Check_Total_Templates
                0x08001428      0x144 ./Core/Src/main.o
                0x08001428                Check_Total_Templates
 .text.fetch_details
                0x0800156c      0x168 ./Core/Src/main.o
                0x0800156c                fetch_details
 .text.Display_OLED_Message
                0x080016d4       0x46 ./Core/Src/main.o
                0x080016d4                Display_OLED_Message
 *fill*         0x0800171a        0x2 
 .text._write   0x0800171c       0x28 ./Core/Src/main.o
                0x0800171c                _write
 .text.HAL_TIM_PeriodElapsedCallback
                0x08001744       0x54 ./Core/Src/main.o
                0x08001744                HAL_TIM_PeriodElapsedCallback
 .text.UART6_Init
                0x08001798       0x4c ./Core/Src/main.o
                0x08001798                UART6_Init
 .text.Error_handler
                0x080017e4       0x18 ./Core/Src/main.o
                0x080017e4                Error_handler
 .text.Error_Handler
                0x080017fc       0x18 ./Core/Src/main.o
                0x080017fc                Error_Handler
 .text.HAL_InitTick
                0x08001814       0xc8 ./Core/Src/main.o
                0x08001814                HAL_InitTick
 .text.HAL_MspInit
                0x080018dc       0x44 ./Core/Src/msp.o
                0x080018dc                HAL_MspInit
 .text.HAL_TIM_Base_MspInit
                0x08001920       0x40 ./Core/Src/msp.o
                0x08001920                HAL_TIM_Base_MspInit
 .text.HAL_UART_MspInit
                0x08001960      0x1a0 ./Core/Src/msp.o
                0x08001960                HAL_UART_MspInit
 .text.HAL_SPI_MspInit
                0x08001b00       0xc0 ./Core/Src/msp.o
                0x08001b00                HAL_SPI_MspInit
 .text.SSD1306_WriteCommand
                0x08001bc0       0x44 ./Core/Src/ssd_1306.o
 .text.SSD1306_WriteData
                0x08001c04       0x48 ./Core/Src/ssd_1306.o
 .text.SSD1306_Init
                0x08001c4c       0xec ./Core/Src/ssd_1306.o
                0x08001c4c                SSD1306_Init
 .text.SSD1306_UpdateScreen
                0x08001d38       0x3c ./Core/Src/ssd_1306.o
                0x08001d38                SSD1306_UpdateScreen
 .text.SSD1306_Clear
                0x08001d74       0x18 ./Core/Src/ssd_1306.o
                0x08001d74                SSD1306_Clear
 .text.SSD1306_DrawPixel
                0x08001d8c       0xa8 ./Core/Src/ssd_1306.o
                0x08001d8c                SSD1306_DrawPixel
 .text.SSD1306_SetCursor
                0x08001e34       0x30 ./Core/Src/ssd_1306.o
                0x08001e34                SSD1306_SetCursor
 .text.SSD1306_WriteChar
                0x08001e64       0xe4 ./Core/Src/ssd_1306.o
                0x08001e64                SSD1306_WriteChar
 .text.SSD1306_WriteString
                0x08001f48       0x34 ./Core/Src/ssd_1306.o
                0x08001f48                SSD1306_WriteString
 .text.SystemInit
                0x08001f7c       0x24 ./Core/Src/system_stm32f4xx.o
                0x08001f7c                SystemInit
 .text.Reset_Handler
                0x08001fa0       0x50 ./Core/Startup/startup_stm32f411ceux.o
                0x08001fa0                Reset_Handler
 .text.Default_Handler
                0x08001ff0        0x2 ./Core/Startup/startup_stm32f411ceux.o
                0x08001ff0                RTC_Alarm_IRQHandler
                0x08001ff0                EXTI2_IRQHandler
                0x08001ff0                DebugMon_Handler
                0x08001ff0                SPI4_IRQHandler
                0x08001ff0                TIM1_CC_IRQHandler
                0x08001ff0                DMA2_Stream5_IRQHandler
                0x08001ff0                HardFault_Handler
                0x08001ff0                DMA1_Stream5_IRQHandler
                0x08001ff0                PVD_IRQHandler
                0x08001ff0                SDIO_IRQHandler
                0x08001ff0                TAMP_STAMP_IRQHandler
                0x08001ff0                NMI_Handler
                0x08001ff0                EXTI3_IRQHandler
                0x08001ff0                TIM1_UP_TIM10_IRQHandler
                0x08001ff0                I2C3_ER_IRQHandler
                0x08001ff0                I2C2_EV_IRQHandler
                0x08001ff0                DMA1_Stream2_IRQHandler
                0x08001ff0                FPU_IRQHandler
                0x08001ff0                UsageFault_Handler
                0x08001ff0                DMA2_Stream2_IRQHandler
                0x08001ff0                SPI1_IRQHandler
                0x08001ff0                TIM1_BRK_TIM9_IRQHandler
                0x08001ff0                DMA2_Stream3_IRQHandler
                0x08001ff0                DMA2_Stream0_IRQHandler
                0x08001ff0                TIM4_IRQHandler
                0x08001ff0                I2C1_EV_IRQHandler
                0x08001ff0                DMA1_Stream6_IRQHandler
                0x08001ff0                DMA1_Stream1_IRQHandler
                0x08001ff0                TIM3_IRQHandler
                0x08001ff0                RCC_IRQHandler
                0x08001ff0                Default_Handler
                0x08001ff0                EXTI15_10_IRQHandler
                0x08001ff0                ADC_IRQHandler
                0x08001ff0                DMA1_Stream7_IRQHandler
                0x08001ff0                SPI5_IRQHandler
                0x08001ff0                DMA2_Stream7_IRQHandler
                0x08001ff0                I2C3_EV_IRQHandler
                0x08001ff0                EXTI9_5_IRQHandler
                0x08001ff0                RTC_WKUP_IRQHandler
                0x08001ff0                SPI2_IRQHandler
                0x08001ff0                MemManage_Handler
                0x08001ff0                DMA1_Stream0_IRQHandler
                0x08001ff0                EXTI4_IRQHandler
                0x08001ff0                WWDG_IRQHandler
                0x08001ff0                TIM2_IRQHandler
                0x08001ff0                OTG_FS_WKUP_IRQHandler
                0x08001ff0                TIM1_TRG_COM_TIM11_IRQHandler
                0x08001ff0                EXTI1_IRQHandler
                0x08001ff0                I2C2_ER_IRQHandler
                0x08001ff0                DMA2_Stream1_IRQHandler
                0x08001ff0                FLASH_IRQHandler
                0x08001ff0                DMA2_Stream4_IRQHandler
                0x08001ff0                BusFault_Handler
                0x08001ff0                OTG_FS_IRQHandler
                0x08001ff0                SPI3_IRQHandler
                0x08001ff0                DMA1_Stream4_IRQHandler
                0x08001ff0                I2C1_ER_IRQHandler
                0x08001ff0                DMA2_Stream6_IRQHandler
                0x08001ff0                DMA1_Stream3_IRQHandler
 *fill*         0x08001ff2        0x2 
 .text.HAL_Init
                0x08001ff4       0x44 ./Drivers/STM32F4xx_HAL_Driver/Src/stm32f4xx_hal.o
                0x08001ff4                HAL_Init
 .text.HAL_IncTick
                0x08002038       0x28 ./Drivers/STM32F4xx_HAL_Driver/Src/stm32f4xx_hal.o
                0x08002038                HAL_IncTick
 .text.HAL_GetTick
                0x08002060       0x18 ./Drivers/STM32F4xx_HAL_Driver/Src/stm32f4xx_hal.o
                0x08002060                HAL_GetTick
 .text.HAL_Delay
                0x08002078       0x48 ./Drivers/STM32F4xx_HAL_Driver/Src/stm32f4xx_hal.o
                0x08002078                HAL_Delay
 .text.__NVIC_SetPriorityGrouping
                0x080020c0       0x48 ./Drivers/STM32F4xx_HAL_Driver/Src/stm32f4xx_hal_cortex.o
 .text.__NVIC_GetPriorityGrouping
                0x08002108       0x1c ./Drivers/STM32F4xx_HAL_Driver/Src/stm32f4xx_hal_cortex.o
 .text.__NVIC_EnableIRQ
                0x08002124       0x3c ./Drivers/STM32F4xx_HAL_Driver/Src/stm32f4xx_hal_cortex.o
 .text.__NVIC_SetPriority
                0x08002160       0x54 ./Drivers/STM32F4xx_HAL_Driver/Src/stm32f4xx_hal_cortex.o
 .text.NVIC_EncodePriority
                0x080021b4       0x66 ./Drivers/STM32F4xx_HAL_Driver/Src/stm32f4xx_hal_cortex.o
 .text.HAL_NVIC_SetPriorityGrouping
                0x0800221a       0x16 ./Drivers/STM32F4xx_HAL_Driver/Src/stm32f4xx_hal_cortex.o
                0x0800221a                HAL_NVIC_SetPriorityGrouping
 .text.HAL_NVIC_SetPriority
                0x08002230       0x38 ./Drivers/STM32F4xx_HAL_Driver/Src/stm32f4xx_hal_cortex.o
                0x08002230                HAL_NVIC_SetPriority
 .text.HAL_NVIC_EnableIRQ
                0x08002268       0x1c ./Drivers/STM32F4xx_HAL_Driver/Src/stm32f4xx_hal_cortex.o
                0x08002268                HAL_NVIC_EnableIRQ
 .text.HAL_DMA_Abort
                0x08002284       0xe0 ./Drivers/STM32F4xx_HAL_Driver/Src/stm32f4xx_hal_dma.o
                0x08002284                HAL_DMA_Abort
 .text.HAL_DMA_Abort_IT
                0x08002364       0x44 ./Drivers/STM32F4xx_HAL_Driver/Src/stm32f4xx_hal_dma.o
                0x08002364                HAL_DMA_Abort_IT
 .text.HAL_GPIO_Init
                0x080023a8      0x308 ./Drivers/STM32F4xx_HAL_Driver/Src/stm32f4xx_hal_gpio.o
                0x080023a8                HAL_GPIO_Init
 .text.HAL_GPIO_WritePin
                0x080026b0       0x32 ./Drivers/STM32F4xx_HAL_Driver/Src/stm32f4xx_hal_gpio.o
                0x080026b0                HAL_GPIO_WritePin
 .text.HAL_GPIO_TogglePin
                0x080026e2       0x34 ./Drivers/STM32F4xx_HAL_Driver/Src/stm32f4xx_hal_gpio.o
                0x080026e2                HAL_GPIO_TogglePin
 *fill*         0x08002716        0x2 
 .text.HAL_GPIO_EXTI_IRQHandler
                0x08002718       0x30 ./Drivers/STM32F4xx_HAL_Driver/Src/stm32f4xx_hal_gpio.o
                0x08002718                HAL_GPIO_EXTI_IRQHandler
 .text.HAL_RCC_OscConfig
                0x08002748      0x4f0 ./Drivers/STM32F4xx_HAL_Driver/Src/stm32f4xx_hal_rcc.o
                0x08002748                HAL_RCC_OscConfig
 .text.HAL_RCC_ClockConfig
                0x08002c38      0x1cc ./Drivers/STM32F4xx_HAL_Driver/Src/stm32f4xx_hal_rcc.o
                0x08002c38                HAL_RCC_ClockConfig
 .text.HAL_RCC_GetSysClockFreq
                0x08002e04      0x18c ./Drivers/STM32F4xx_HAL_Driver/Src/stm32f4xx_hal_rcc.o
                0x08002e04                HAL_RCC_GetSysClockFreq
 .text.HAL_RCC_GetHCLKFreq
                0x08002f90       0x18 ./Drivers/STM32F4xx_HAL_Driver/Src/stm32f4xx_hal_rcc.o
                0x08002f90                HAL_RCC_GetHCLKFreq
 .text.HAL_RCC_GetPCLK1Freq
                0x08002fa8       0x28 ./Drivers/STM32F4xx_HAL_Driver/Src/stm32f4xx_hal_rcc.o
                0x08002fa8                HAL_RCC_GetPCLK1Freq
 .text.HAL_RCC_GetPCLK2Freq
                0x08002fd0       0x28 ./Drivers/STM32F4xx_HAL_Driver/Src/stm32f4xx_hal_rcc.o
                0x08002fd0                HAL_RCC_GetPCLK2Freq
 .text.HAL_RCC_GetClockConfig
                0x08002ff8       0x64 ./Drivers/STM32F4xx_HAL_Driver/Src/stm32f4xx_hal_rcc.o
                0x08002ff8                HAL_RCC_GetClockConfig
 .text.HAL_SPI_Init
                0x0800305c      0x112 ./Drivers/STM32F4xx_HAL_Driver/Src/stm32f4xx_hal_spi.o
                0x0800305c                HAL_SPI_Init
 .text.HAL_SPI_Transmit
                0x0800316e      0x288 ./Drivers/STM32F4xx_HAL_Driver/Src/stm32f4xx_hal_spi.o
                0x0800316e                HAL_SPI_Transmit
 *fill*         0x080033f6        0x2 
 .text.SPI_WaitFlagStateUntilTimeout
                0x080033f8      0x110 ./Drivers/STM32F4xx_HAL_Driver/Src/stm32f4xx_hal_spi.o
 .text.SPI_EndRxTxTransaction
                0x08003508       0xa8 ./Drivers/STM32F4xx_HAL_Driver/Src/stm32f4xx_hal_spi.o
 .text.HAL_TIM_Base_Init
                0x080035b0       0x9e ./Drivers/STM32F4xx_HAL_Driver/Src/stm32f4xx_hal_tim.o
                0x080035b0                HAL_TIM_Base_Init
 *fill*         0x0800364e        0x2 
 .text.HAL_TIM_Base_Start_IT
                0x08003650       0xc4 ./Drivers/STM32F4xx_HAL_Driver/Src/stm32f4xx_hal_tim.o
                0x08003650                HAL_TIM_Base_Start_IT
 .text.HAL_TIM_IRQHandler
                0x08003714      0x1e0 ./Drivers/STM32F4xx_HAL_Driver/Src/stm32f4xx_hal_tim.o
                0x08003714                HAL_TIM_IRQHandler
 .text.HAL_TIM_OC_DelayElapsedCallback
                0x080038f4       0x14 ./Drivers/STM32F4xx_HAL_Driver/Src/stm32f4xx_hal_tim.o
                0x080038f4                HAL_TIM_OC_DelayElapsedCallback
 .text.HAL_TIM_IC_CaptureCallback
                0x08003908       0x14 ./Drivers/STM32F4xx_HAL_Driver/Src/stm32f4xx_hal_tim.o
                0x08003908                HAL_TIM_IC_CaptureCallback
 .text.HAL_TIM_PWM_PulseFinishedCallback
                0x0800391c       0x14 ./Drivers/STM32F4xx_HAL_Driver/Src/stm32f4xx_hal_tim.o
                0x0800391c                HAL_TIM_PWM_PulseFinishedCallback
 .text.HAL_TIM_TriggerCallback
                0x08003930       0x14 ./Drivers/STM32F4xx_HAL_Driver/Src/stm32f4xx_hal_tim.o
                0x08003930                HAL_TIM_TriggerCallback
 .text.TIM_Base_SetConfig
                0x08003944      0x10c ./Drivers/STM32F4xx_HAL_Driver/Src/stm32f4xx_hal_tim.o
                0x08003944                TIM_Base_SetConfig
 .text.HAL_TIMEx_CommutCallback
                0x08003a50       0x14 ./Drivers/STM32F4xx_HAL_Driver/Src/stm32f4xx_hal_tim_ex.o
                0x08003a50                HAL_TIMEx_CommutCallback
 .text.HAL_TIMEx_BreakCallback
                0x08003a64       0x14 ./Drivers/STM32F4xx_HAL_Driver/Src/stm32f4xx_hal_tim_ex.o
                0x08003a64                HAL_TIMEx_BreakCallback
 .text.HAL_UART_Init
                0x08003a78       0xa0 ./Drivers/STM32F4xx_HAL_Driver/Src/stm32f4xx_hal_uart.o
                0x08003a78                HAL_UART_Init
 .text.HAL_UART_Transmit
                0x08003b18      0x116 ./Drivers/STM32F4xx_HAL_Driver/Src/stm32f4xx_hal_uart.o
                0x08003b18                HAL_UART_Transmit
 .text.HAL_UART_Receive
                0x08003c2e      0x12e ./Drivers/STM32F4xx_HAL_Driver/Src/stm32f4xx_hal_uart.o
                0x08003c2e                HAL_UART_Receive
 .text.HAL_UART_Receive_IT
                0x08003d5c       0x4a ./Drivers/STM32F4xx_HAL_Driver/Src/stm32f4xx_hal_uart.o
                0x08003d5c                HAL_UART_Receive_IT
 *fill*         0x08003da6        0x2 
 .text.HAL_UART_IRQHandler
                0x08003da8      0x554 ./Drivers/STM32F4xx_HAL_Driver/Src/stm32f4xx_hal_uart.o
                0x08003da8                HAL_UART_IRQHandler
 .text.HAL_UART_TxCpltCallback
                0x080042fc       0x14 ./Drivers/STM32F4xx_HAL_Driver/Src/stm32f4xx_hal_uart.o
                0x080042fc                HAL_UART_TxCpltCallback
 .text.HAL_UARTEx_RxEventCallback
                0x08004310       0x18 ./Drivers/STM32F4xx_HAL_Driver/Src/stm32f4xx_hal_uart.o
                0x08004310                HAL_UARTEx_RxEventCallback
 .text.UART_WaitOnFlagUntilTimeout
                0x08004328       0xb2 ./Drivers/STM32F4xx_HAL_Driver/Src/stm32f4xx_hal_uart.o
 .text.UART_Start_Receive_IT
                0x080043da       0x74 ./Drivers/STM32F4xx_HAL_Driver/Src/stm32f4xx_hal_uart.o
                0x080043da                UART_Start_Receive_IT
 .text.UART_EndRxTransfer
                0x0800444e       0xc6 ./Drivers/STM32F4xx_HAL_Driver/Src/stm32f4xx_hal_uart.o
 .text.UART_DMAAbortOnError
                0x08004514       0x22 ./Drivers/STM32F4xx_HAL_Driver/Src/stm32f4xx_hal_uart.o
 .text.UART_Transmit_IT
                0x08004536       0xa0 ./Drivers/STM32F4xx_HAL_Driver/Src/stm32f4xx_hal_uart.o
 .text.UART_EndTransmit_IT
                0x080045d6       0x30 ./Drivers/STM32F4xx_HAL_Driver/Src/stm32f4xx_hal_uart.o
 .text.UART_Receive_IT
                0x08004606      0x17c ./Drivers/STM32F4xx_HAL_Driver/Src/stm32f4xx_hal_uart.o
 *fill*         0x08004782        0x2 
 .text.UART_SetConfig
                0x08004784      0x4e8 ./Drivers/STM32F4xx_HAL_Driver/Src/stm32f4xx_hal_uart.o
 .text.esp32_init
                0x08004c6c       0x9c ./IOT_SDK/BSP/esp32_at.o
                0x08004c6c                esp32_init
 .text.esp32_join_ap
                0x08004d08       0x58 ./IOT_SDK/BSP/esp32_at.o
                0x08004d08                esp32_join_ap
 .text.esp32_config_sntp
                0x08004d60       0x68 ./IOT_SDK/BSP/esp32_at.o
                0x08004d60                esp32_config_sntp
 .text.esp32_get_sntp_time
                0x08004dc8       0xe8 ./IOT_SDK/BSP/esp32_at.o
                0x08004dc8                esp32_get_sntp_time
 .text.esp32_mqtt_configure
                0x08004eb0      0x15c ./IOT_SDK/BSP/esp32_at.o
                0x08004eb0                esp32_mqtt_configure
 .text.esp32_mqtt_connect_to_broker
                0x0800500c       0x78 ./IOT_SDK/BSP/esp32_at.o
                0x0800500c                esp32_mqtt_connect_to_broker
 .text.esp32_mqtt_subscribe
                0x08005084       0x5c ./IOT_SDK/BSP/esp32_at.o
                0x08005084                esp32_mqtt_subscribe
 .text.esp32_mqtt_publish
                0x080050e0       0xc0 ./IOT_SDK/BSP/esp32_at.o
                0x080050e0                esp32_mqtt_publish
 .text.esp32_recv_mqtt_data
                0x080051a0       0x70 ./IOT_SDK/BSP/esp32_at.o
                0x080051a0                esp32_recv_mqtt_data
 .text.recv_mqtt_data
                0x08005210      0x230 ./IOT_SDK/BSP/esp32_at.o
 .text.run_at_cmd
                0x08005440       0x90 ./IOT_SDK/BSP/esp32_at.o
 .text.run_at_cmd_long
                0x080054d0       0x90 ./IOT_SDK/BSP/esp32_at.o
 .text.esp32_io_init
                0x08005560       0x60 ./IOT_SDK/BSP/esp32_at_io.o
                0x08005560                esp32_io_init
 .text.esp32_io_send
                0x080055c0       0x34 ./IOT_SDK/BSP/esp32_at_io.o
                0x080055c0                esp32_io_send
 .text.esp32_io_recv
                0x080055f4       0x90 ./IOT_SDK/BSP/esp32_at_io.o
                0x080055f4                esp32_io_recv
 .text.esp32_io_recv_nb
                0x08005684       0x8c ./IOT_SDK/BSP/esp32_at_io.o
                0x08005684                esp32_io_recv_nb
 .text.HAL_UART_RxCpltCallback
                0x08005710       0x7c ./IOT_SDK/BSP/esp32_at_io.o
                0x08005710                HAL_UART_RxCpltCallback
 .text.HAL_UART_ErrorCallback
                0x0800578c       0x20 ./IOT_SDK/BSP/esp32_at_io.o
                0x0800578c                HAL_UART_ErrorCallback
 .text.esp32_io_error_handler
                0x080057ac       0x64 ./IOT_SDK/BSP/esp32_at_io.o
 .text.esp32_io_recv_long
                0x08005810       0x90 ./IOT_SDK/BSP/esp32_at_io.o
                0x08005810                esp32_io_recv_long
 .text.vApplicationGetTimerTaskMemory
                0x080058a0       0x34 ./IOT_SDK/Thirdparty/FreeRTOS-Kernel/freertos_hooks.o
                0x080058a0                vApplicationGetTimerTaskMemory
 .text.vApplicationGetIdleTaskMemory
                0x080058d4       0x34 ./IOT_SDK/Thirdparty/FreeRTOS-Kernel/freertos_hooks.o
                0x080058d4                vApplicationGetIdleTaskMemory
 .text.vListInitialise
                0x08005908       0x40 ./IOT_SDK/Thirdparty/FreeRTOS-Kernel/list.o
                0x08005908                vListInitialise
 .text.vListInitialiseItem
                0x08005948       0x1a ./IOT_SDK/Thirdparty/FreeRTOS-Kernel/list.o
                0x08005948                vListInitialiseItem
 .text.vListInsert
                0x08005962       0x72 ./IOT_SDK/Thirdparty/FreeRTOS-Kernel/list.o
                0x08005962                vListInsert
 .text.uxListRemove
                0x080059d4       0x54 ./IOT_SDK/Thirdparty/FreeRTOS-Kernel/list.o
                0x080059d4                uxListRemove
 .text.xQueueGenericReset
                0x08005a28      0x124 ./IOT_SDK/Thirdparty/FreeRTOS-Kernel/queue.o
                0x08005a28                xQueueGenericReset
 .text.xQueueGenericCreateStatic
                0x08005b4c       0xc2 ./IOT_SDK/Thirdparty/FreeRTOS-Kernel/queue.o
                0x08005b4c                xQueueGenericCreateStatic
 .text.xQueueGenericCreate
                0x08005c0e       0xa6 ./IOT_SDK/Thirdparty/FreeRTOS-Kernel/queue.o
                0x08005c0e                xQueueGenericCreate
 .text.prvInitialiseNewQueue
                0x08005cb4       0x3e ./IOT_SDK/Thirdparty/FreeRTOS-Kernel/queue.o
 *fill*         0x08005cf2        0x2 
 .text.xQueueGenericSend
                0x08005cf4      0x204 ./IOT_SDK/Thirdparty/FreeRTOS-Kernel/queue.o
                0x08005cf4                xQueueGenericSend
 .text.xQueueReceive
                0x08005ef8      0x1c4 ./IOT_SDK/Thirdparty/FreeRTOS-Kernel/queue.o
                0x08005ef8                xQueueReceive
 .text.prvCopyDataToQueue
                0x080060bc       0xd4 ./IOT_SDK/Thirdparty/FreeRTOS-Kernel/queue.o
 .text.prvCopyDataFromQueue
                0x08006190       0x4c ./IOT_SDK/Thirdparty/FreeRTOS-Kernel/queue.o
 .text.prvUnlockQueue
                0x080061dc       0xa4 ./IOT_SDK/Thirdparty/FreeRTOS-Kernel/queue.o
 .text.prvIsQueueEmpty
                0x08006280       0x2c ./IOT_SDK/Thirdparty/FreeRTOS-Kernel/queue.o
 .text.prvIsQueueFull
                0x080062ac       0x30 ./IOT_SDK/Thirdparty/FreeRTOS-Kernel/queue.o
 .text.vQueueWaitForMessageRestricted
                0x080062dc       0x68 ./IOT_SDK/Thirdparty/FreeRTOS-Kernel/queue.o
                0x080062dc                vQueueWaitForMessageRestricted
 .text.prvCreateStaticTask
                0x08006344       0xc2 ./IOT_SDK/Thirdparty/FreeRTOS-Kernel/tasks.o
 .text.xTaskCreateStatic
                0x08006406       0x48 ./IOT_SDK/Thirdparty/FreeRTOS-Kernel/tasks.o
                0x08006406                xTaskCreateStatic
 .text.prvCreateTask
                0x0800644e       0x80 ./IOT_SDK/Thirdparty/FreeRTOS-Kernel/tasks.o
 .text.xTaskCreate
                0x080064ce       0x46 ./IOT_SDK/Thirdparty/FreeRTOS-Kernel/tasks.o
                0x080064ce                xTaskCreate
 .text.prvInitialiseNewTask
                0x08006514      0x120 ./IOT_SDK/Thirdparty/FreeRTOS-Kernel/tasks.o
 .text.prvAddNewTaskToReadyList
                0x08006634      0x128 ./IOT_SDK/Thirdparty/FreeRTOS-Kernel/tasks.o
 .text.vTaskDelay
                0x0800675c       0x6c ./IOT_SDK/Thirdparty/FreeRTOS-Kernel/tasks.o
                0x0800675c                vTaskDelay
 .text.prvCreateIdleTasks
                0x080067c8       0xd0 ./IOT_SDK/Thirdparty/FreeRTOS-Kernel/tasks.o
 .text.vTaskStartScheduler
                0x08006898       0x88 ./IOT_SDK/Thirdparty/FreeRTOS-Kernel/tasks.o
                0x08006898                vTaskStartScheduler
 .text.vTaskSuspendAll
                0x08006920       0x1c ./IOT_SDK/Thirdparty/FreeRTOS-Kernel/tasks.o
                0x08006920                vTaskSuspendAll
 .text.xTaskResumeAll
                0x0800693c      0x210 ./IOT_SDK/Thirdparty/FreeRTOS-Kernel/tasks.o
                0x0800693c                xTaskResumeAll
 .text.xTaskGetTickCount
                0x08006b4c       0x20 ./IOT_SDK/Thirdparty/FreeRTOS-Kernel/tasks.o
                0x08006b4c                xTaskGetTickCount
 .text.xTaskIncrementTick
                0x08006b6c      0x234 ./IOT_SDK/Thirdparty/FreeRTOS-Kernel/tasks.o
                0x08006b6c                xTaskIncrementTick
 .text.vTaskSwitchContext
                0x08006da0       0xbc ./IOT_SDK/Thirdparty/FreeRTOS-Kernel/tasks.o
                0x08006da0                vTaskSwitchContext
 .text.vTaskPlaceOnEventList
                0x08006e5c       0x4c ./IOT_SDK/Thirdparty/FreeRTOS-Kernel/tasks.o
                0x08006e5c                vTaskPlaceOnEventList
 .text.vTaskPlaceOnEventListRestricted
                0x08006ea8       0x8c ./IOT_SDK/Thirdparty/FreeRTOS-Kernel/tasks.o
                0x08006ea8                vTaskPlaceOnEventListRestricted
 .text.xTaskRemoveFromEventList
                0x08006f34      0x1b4 ./IOT_SDK/Thirdparty/FreeRTOS-Kernel/tasks.o
                0x08006f34                xTaskRemoveFromEventList
 .text.vTaskInternalSetTimeOutState
                0x080070e8       0x2c ./IOT_SDK/Thirdparty/FreeRTOS-Kernel/tasks.o
                0x080070e8                vTaskInternalSetTimeOutState
 .text.xTaskCheckForTimeOut
                0x08007114       0xf0 ./IOT_SDK/Thirdparty/FreeRTOS-Kernel/tasks.o
                0x08007114                xTaskCheckForTimeOut
 .text.vTaskMissedYield
                0x08007204       0x18 ./IOT_SDK/Thirdparty/FreeRTOS-Kernel/tasks.o
                0x08007204                vTaskMissedYield
 .text.prvIdleTask
                0x0800721c       0x30 ./IOT_SDK/Thirdparty/FreeRTOS-Kernel/tasks.o
 .text.prvInitialiseTaskLists
                0x0800724c       0x80 ./IOT_SDK/Thirdparty/FreeRTOS-Kernel/tasks.o
 .text.prvCheckTasksWaitingTermination
                0x080072cc       0x5c ./IOT_SDK/Thirdparty/FreeRTOS-Kernel/tasks.o
 .text.prvDeleteTCB
                0x08007328       0x60 ./IOT_SDK/Thirdparty/FreeRTOS-Kernel/tasks.o
 .text.prvResetNextTaskUnblockTime
                0x08007388       0x38 ./IOT_SDK/Thirdparty/FreeRTOS-Kernel/tasks.o
 .text.xTaskGetSchedulerState
                0x080073c0       0x3c ./IOT_SDK/Thirdparty/FreeRTOS-Kernel/tasks.o
                0x080073c0                xTaskGetSchedulerState
 .text.xTaskPriorityDisinherit
                0x080073fc      0x150 ./IOT_SDK/Thirdparty/FreeRTOS-Kernel/tasks.o
                0x080073fc                xTaskPriorityDisinherit
 .text.prvAddCurrentTaskToDelayedList
                0x0800754c      0x10c ./IOT_SDK/Thirdparty/FreeRTOS-Kernel/tasks.o
 .text.xTimerCreateTimerTask
                0x08007658       0x94 ./IOT_SDK/Thirdparty/FreeRTOS-Kernel/timers.o
                0x08007658                xTimerCreateTimerTask
 .text.prvReloadTimer
                0x080076ec       0x42 ./IOT_SDK/Thirdparty/FreeRTOS-Kernel/timers.o
 *fill*         0x0800772e        0x2 
 .text.prvProcessExpiredTimer
                0x08007730       0x60 ./IOT_SDK/Thirdparty/FreeRTOS-Kernel/timers.o
 .text.prvTimerTask
                0x08007790       0x26 ./IOT_SDK/Thirdparty/FreeRTOS-Kernel/timers.o
 *fill*         0x080077b6        0x2 
 .text.prvProcessTimerOrBlockTask
                0x080077b8       0x9c ./IOT_SDK/Thirdparty/FreeRTOS-Kernel/timers.o
 .text.prvGetNextExpireTime
                0x08007854       0x48 ./IOT_SDK/Thirdparty/FreeRTOS-Kernel/timers.o
 .text.prvSampleTimeNow
                0x0800789c       0x40 ./IOT_SDK/Thirdparty/FreeRTOS-Kernel/timers.o
 .text.prvInsertTimerInActiveList
                0x080078dc       0x84 ./IOT_SDK/Thirdparty/FreeRTOS-Kernel/timers.o
 .text.prvProcessReceivedCommands
                0x08007960      0x1c8 ./IOT_SDK/Thirdparty/FreeRTOS-Kernel/timers.o
 .text.prvSwitchTimerLists
                0x08007b28       0x4c ./IOT_SDK/Thirdparty/FreeRTOS-Kernel/timers.o
 .text.prvCheckForValidListAndQueue
                0x08007b74       0x68 ./IOT_SDK/Thirdparty/FreeRTOS-Kernel/timers.o
 .text.pxPortInitialiseStack
                0x08007bdc       0x68 ./IOT_SDK/Thirdparty/FreeRTOS-Kernel/portable/GCC/ARM_CM4F/port.o
                0x08007bdc                pxPortInitialiseStack
 .text.prvTaskExitError
                0x08007c44       0x5c ./IOT_SDK/Thirdparty/FreeRTOS-Kernel/portable/GCC/ARM_CM4F/port.o
 .text.SVC_Handler
                0x08007ca0       0x28 ./IOT_SDK/Thirdparty/FreeRTOS-Kernel/portable/GCC/ARM_CM4F/port.o
                0x08007ca0                SVC_Handler
 .text.prvPortStartFirstTask
                0x08007cc8       0x2c ./IOT_SDK/Thirdparty/FreeRTOS-Kernel/portable/GCC/ARM_CM4F/port.o
 .text.xPortStartScheduler
                0x08007cf4      0x1e0 ./IOT_SDK/Thirdparty/FreeRTOS-Kernel/portable/GCC/ARM_CM4F/port.o
                0x08007cf4                xPortStartScheduler
 .text.vPortEnterCritical
                0x08007ed4       0x64 ./IOT_SDK/Thirdparty/FreeRTOS-Kernel/portable/GCC/ARM_CM4F/port.o
                0x08007ed4                vPortEnterCritical
 .text.vPortExitCritical
                0x08007f38       0x54 ./IOT_SDK/Thirdparty/FreeRTOS-Kernel/portable/GCC/ARM_CM4F/port.o
                0x08007f38                vPortExitCritical
 *fill*         0x08007f8c        0x4 
 .text.PendSV_Handler
                0x08007f90       0x68 ./IOT_SDK/Thirdparty/FreeRTOS-Kernel/portable/GCC/ARM_CM4F/port.o
                0x08007f90                PendSV_Handler
 .text.SysTick_Handler
                0x08007ff8       0x44 ./IOT_SDK/Thirdparty/FreeRTOS-Kernel/portable/GCC/ARM_CM4F/port.o
                0x08007ff8                SysTick_Handler
 .text.vPortSetupTimerInterrupt
                0x0800803c       0x48 ./IOT_SDK/Thirdparty/FreeRTOS-Kernel/portable/GCC/ARM_CM4F/port.o
                0x0800803c                vPortSetupTimerInterrupt
 .text.vPortEnableVFP
                0x08008084       0x18 ./IOT_SDK/Thirdparty/FreeRTOS-Kernel/portable/GCC/ARM_CM4F/port.o
 .text.pvPortMalloc
                0x0800809c      0x264 ./IOT_SDK/Thirdparty/FreeRTOS-Kernel/portable/MemMang/heap_4.o
                0x0800809c                pvPortMalloc
 .text.vPortFree
                0x08008300       0xec ./IOT_SDK/Thirdparty/FreeRTOS-Kernel/portable/MemMang/heap_4.o
                0x08008300                vPortFree
 .text.prvHeapInit
                0x080083ec       0xb4 ./IOT_SDK/Thirdparty/FreeRTOS-Kernel/portable/MemMang/heap_4.o
 .text.prvInsertBlockIntoFreeList
                0x080084a0       0xf4 ./IOT_SDK/Thirdparty/FreeRTOS-Kernel/portable/MemMang/heap_4.o
 .text.mqtt_connect
                0x08008594       0xe8 ./IOT_SDK/mqtt_helper/mqtt_helper.o
                0x08008594                mqtt_connect
 .text.mqtt_publish
                0x0800867c       0x82 ./IOT_SDK/mqtt_helper/mqtt_helper.o
                0x0800867c                mqtt_publish
 .text.mqtt_subscribe
                0x080086fe       0x54 ./IOT_SDK/mqtt_helper/mqtt_helper.o
                0x080086fe                mqtt_subscribe
 *fill*         0x08008752        0x2 
 .text.__assert_func
                0x08008754       0x3c C:/ST/STM32CubeIDE_1.19.0/STM32CubeIDE/plugins/com.st.stm32cube.ide.mcu.externaltools.gnu-tools-for-stm32.13.3.rel1.win32_1.0.0.202411081344/tools/bin/../lib/gcc/arm-none-eabi/13.3.1/../../../../arm-none-eabi/lib/thumb/v7e-m+fp/hard\libc_nano.a(libc_a-assert.o)
                0x08008754                __assert_func
 .text.atoi     0x08008790        0x8 C:/ST/STM32CubeIDE_1.19.0/STM32CubeIDE/plugins/com.st.stm32cube.ide.mcu.externaltools.gnu-tools-for-stm32.13.3.rel1.win32_1.0.0.202411081344/tools/bin/../lib/gcc/arm-none-eabi/13.3.1/../../../../arm-none-eabi/lib/thumb/v7e-m+fp/hard\libc_nano.a(libc_a-atoi.o)
                0x08008790                atoi
 .text.sbrk_aligned
                0x08008798       0x44 C:/ST/STM32CubeIDE_1.19.0/STM32CubeIDE/plugins/com.st.stm32cube.ide.mcu.externaltools.gnu-tools-for-stm32.13.3.rel1.win32_1.0.0.202411081344/tools/bin/../lib/gcc/arm-none-eabi/13.3.1/../../../../arm-none-eabi/lib/thumb/v7e-m+fp/hard\libc_nano.a(libc_a-mallocr.o)
 .text._malloc_r
                0x080087dc      0x100 C:/ST/STM32CubeIDE_1.19.0/STM32CubeIDE/plugins/com.st.stm32cube.ide.mcu.externaltools.gnu-tools-for-stm32.13.3.rel1.win32_1.0.0.202411081344/tools/bin/../lib/gcc/arm-none-eabi/13.3.1/../../../../arm-none-eabi/lib/thumb/v7e-m+fp/hard\libc_nano.a(libc_a-mallocr.o)
                0x080087dc                _malloc_r
 .text.__malloc_lock
                0x080088dc        0xc C:/ST/STM32CubeIDE_1.19.0/STM32CubeIDE/plugins/com.st.stm32cube.ide.mcu.externaltools.gnu-tools-for-stm32.13.3.rel1.win32_1.0.0.202411081344/tools/bin/../lib/gcc/arm-none-eabi/13.3.1/../../../../arm-none-eabi/lib/thumb/v7e-m+fp/hard\libc_nano.a(libc_a-mlock.o)
                0x080088dc                __malloc_lock
 .text.__malloc_unlock
                0x080088e8        0xc C:/ST/STM32CubeIDE_1.19.0/STM32CubeIDE/plugins/com.st.stm32cube.ide.mcu.externaltools.gnu-tools-for-stm32.13.3.rel1.win32_1.0.0.202411081344/tools/bin/../lib/gcc/arm-none-eabi/13.3.1/../../../../arm-none-eabi/lib/thumb/v7e-m+fp/hard\libc_nano.a(libc_a-mlock.o)
                0x080088e8                __malloc_unlock
 .text._strtol_l.isra.0
                0x080088f4       0xf4 C:/ST/STM32CubeIDE_1.19.0/STM32CubeIDE/plugins/com.st.stm32cube.ide.mcu.externaltools.gnu-tools-for-stm32.13.3.rel1.win32_1.0.0.202411081344/tools/bin/../lib/gcc/arm-none-eabi/13.3.1/../../../../arm-none-eabi/lib/thumb/v7e-m+fp/hard\libc_nano.a(libc_a-strtol.o)
 .text._strtol_r
                0x080089e8        0x4 C:/ST/STM32CubeIDE_1.19.0/STM32CubeIDE/plugins/com.st.stm32cube.ide.mcu.externaltools.gnu-tools-for-stm32.13.3.rel1.win32_1.0.0.202411081344/tools/bin/../lib/gcc/arm-none-eabi/13.3.1/../../../../arm-none-eabi/lib/thumb/v7e-m+fp/hard\libc_nano.a(libc_a-strtol.o)
                0x080089e8                _strtol_r
 .text.strtol   0x080089ec       0x14 C:/ST/STM32CubeIDE_1.19.0/STM32CubeIDE/plugins/com.st.stm32cube.ide.mcu.externaltools.gnu-tools-for-stm32.13.3.rel1.win32_1.0.0.202411081344/tools/bin/../lib/gcc/arm-none-eabi/13.3.1/../../../../arm-none-eabi/lib/thumb/v7e-m+fp/hard\libc_nano.a(libc_a-strtol.o)
                0x080089ec                strtol
 .text.__sfputc_r
                0x08008a00       0x2e C:/ST/STM32CubeIDE_1.19.0/STM32CubeIDE/plugins/com.st.stm32cube.ide.mcu.externaltools.gnu-tools-for-stm32.13.3.rel1.win32_1.0.0.202411081344/tools/bin/../lib/gcc/arm-none-eabi/13.3.1/../../../../arm-none-eabi/lib/thumb/v7e-m+fp/hard\libc_nano.a(libc_a-nano-vfprintf.o)
 .text.__sfputs_r
                0x08008a2e       0x24 C:/ST/STM32CubeIDE_1.19.0/STM32CubeIDE/plugins/com.st.stm32cube.ide.mcu.externaltools.gnu-tools-for-stm32.13.3.rel1.win32_1.0.0.202411081344/tools/bin/../lib/gcc/arm-none-eabi/13.3.1/../../../../arm-none-eabi/lib/thumb/v7e-m+fp/hard\libc_nano.a(libc_a-nano-vfprintf.o)
                0x08008a2e                __sfputs_r
 *fill*         0x08008a52        0x2 
 .text._vfprintf_r
                0x08008a54      0x230 C:/ST/STM32CubeIDE_1.19.0/STM32CubeIDE/plugins/com.st.stm32cube.ide.mcu.externaltools.gnu-tools-for-stm32.13.3.rel1.win32_1.0.0.202411081344/tools/bin/../lib/gcc/arm-none-eabi/13.3.1/../../../../arm-none-eabi/lib/thumb/v7e-m+fp/hard\libc_nano.a(libc_a-nano-vfprintf.o)
                0x08008a54                _vfprintf_r
                0x08008a54                _vfiprintf_r
 .text._printf_common
                0x08008c84       0xda C:/ST/STM32CubeIDE_1.19.0/STM32CubeIDE/plugins/com.st.stm32cube.ide.mcu.externaltools.gnu-tools-for-stm32.13.3.rel1.win32_1.0.0.202411081344/tools/bin/../lib/gcc/arm-none-eabi/13.3.1/../../../../arm-none-eabi/lib/thumb/v7e-m+fp/hard\libc_nano.a(libc_a-nano-vfprintf_i.o)
                0x08008c84                _printf_common
 *fill*         0x08008d5e        0x2 
 .text._printf_i
                0x08008d60      0x23c C:/ST/STM32CubeIDE_1.19.0/STM32CubeIDE/plugins/com.st.stm32cube.ide.mcu.externaltools.gnu-tools-for-stm32.13.3.rel1.win32_1.0.0.202411081344/tools/bin/../lib/gcc/arm-none-eabi/13.3.1/../../../../arm-none-eabi/lib/thumb/v7e-m+fp/hard\libc_nano.a(libc_a-nano-vfprintf_i.o)
                0x08008d60                _printf_i
 .text.__sflush_r
                0x08008f9c      0x108 C:/ST/STM32CubeIDE_1.19.0/STM32CubeIDE/plugins/com.st.stm32cube.ide.mcu.externaltools.gnu-tools-for-stm32.13.3.rel1.win32_1.0.0.202411081344/tools/bin/../lib/gcc/arm-none-eabi/13.3.1/../../../../arm-none-eabi/lib/thumb/v7e-m+fp/hard\libc_nano.a(libc_a-fflush.o)
                0x08008f9c                __sflush_r
 .text._fflush_r
                0x080090a4       0x50 C:/ST/STM32CubeIDE_1.19.0/STM32CubeIDE/plugins/com.st.stm32cube.ide.mcu.externaltools.gnu-tools-for-stm32.13.3.rel1.win32_1.0.0.202411081344/tools/bin/../lib/gcc/arm-none-eabi/13.3.1/../../../../arm-none-eabi/lib/thumb/v7e-m+fp/hard\libc_nano.a(libc_a-fflush.o)
                0x080090a4                _fflush_r
 .text.std      0x080090f4       0x6c C:/ST/STM32CubeIDE_1.19.0/STM32CubeIDE/plugins/com.st.stm32cube.ide.mcu.externaltools.gnu-tools-for-stm32.13.3.rel1.win32_1.0.0.202411081344/tools/bin/../lib/gcc/arm-none-eabi/13.3.1/../../../../arm-none-eabi/lib/thumb/v7e-m+fp/hard\libc_nano.a(libc_a-findfp.o)
 .text.stdio_exit_handler
                0x08009160       0x18 C:/ST/STM32CubeIDE_1.19.0/STM32CubeIDE/plugins/com.st.stm32cube.ide.mcu.externaltools.gnu-tools-for-stm32.13.3.rel1.win32_1.0.0.202411081344/tools/bin/../lib/gcc/arm-none-eabi/13.3.1/../../../../arm-none-eabi/lib/thumb/v7e-m+fp/hard\libc_nano.a(libc_a-findfp.o)
 .text.cleanup_stdio
                0x08009178       0x40 C:/ST/STM32CubeIDE_1.19.0/STM32CubeIDE/plugins/com.st.stm32cube.ide.mcu.externaltools.gnu-tools-for-stm32.13.3.rel1.win32_1.0.0.202411081344/tools/bin/../lib/gcc/arm-none-eabi/13.3.1/../../../../arm-none-eabi/lib/thumb/v7e-m+fp/hard\libc_nano.a(libc_a-findfp.o)
 .text.global_stdio_init.part.0
                0x080091b8       0x3c C:/ST/STM32CubeIDE_1.19.0/STM32CubeIDE/plugins/com.st.stm32cube.ide.mcu.externaltools.gnu-tools-for-stm32.13.3.rel1.win32_1.0.0.202411081344/tools/bin/../lib/gcc/arm-none-eabi/13.3.1/../../../../arm-none-eabi/lib/thumb/v7e-m+fp/hard\libc_nano.a(libc_a-findfp.o)
 .text.__sfp_lock_acquire
                0x080091f4        0xc C:/ST/STM32CubeIDE_1.19.0/STM32CubeIDE/plugins/com.st.stm32cube.ide.mcu.externaltools.gnu-tools-for-stm32.13.3.rel1.win32_1.0.0.202411081344/tools/bin/../lib/gcc/arm-none-eabi/13.3.1/../../../../arm-none-eabi/lib/thumb/v7e-m+fp/hard\libc_nano.a(libc_a-findfp.o)
                0x080091f4                __sfp_lock_acquire
 .text.__sfp_lock_release
                0x08009200        0xc C:/ST/STM32CubeIDE_1.19.0/STM32CubeIDE/plugins/com.st.stm32cube.ide.mcu.externaltools.gnu-tools-for-stm32.13.3.rel1.win32_1.0.0.202411081344/tools/bin/../lib/gcc/arm-none-eabi/13.3.1/../../../../arm-none-eabi/lib/thumb/v7e-m+fp/hard\libc_nano.a(libc_a-findfp.o)
                0x08009200                __sfp_lock_release
 .text.__sinit  0x0800920c       0x30 C:/ST/STM32CubeIDE_1.19.0/STM32CubeIDE/plugins/com.st.stm32cube.ide.mcu.externaltools.gnu-tools-for-stm32.13.3.rel1.win32_1.0.0.202411081344/tools/bin/../lib/gcc/arm-none-eabi/13.3.1/../../../../arm-none-eabi/lib/thumb/v7e-m+fp/hard\libc_nano.a(libc_a-findfp.o)
                0x0800920c                __sinit
 .text.fprintf  0x0800923c       0x24 C:/ST/STM32CubeIDE_1.19.0/STM32CubeIDE/plugins/com.st.stm32cube.ide.mcu.externaltools.gnu-tools-for-stm32.13.3.rel1.win32_1.0.0.202411081344/tools/bin/../lib/gcc/arm-none-eabi/13.3.1/../../../../arm-none-eabi/lib/thumb/v7e-m+fp/hard\libc_nano.a(libc_a-fprintf.o)
                0x0800923c                fiprintf
                0x0800923c                fprintf
 .text._fwalk_sglue
                0x08009260       0x3c C:/ST/STM32CubeIDE_1.19.0/STM32CubeIDE/plugins/com.st.stm32cube.ide.mcu.externaltools.gnu-tools-for-stm32.13.3.rel1.win32_1.0.0.202411081344/tools/bin/../lib/gcc/arm-none-eabi/13.3.1/../../../../arm-none-eabi/lib/thumb/v7e-m+fp/hard\libc_nano.a(libc_a-fwalk.o)
                0x08009260                _fwalk_sglue
 .text.printf   0x0800929c       0x24 C:/ST/STM32CubeIDE_1.19.0/STM32CubeIDE/plugins/com.st.stm32cube.ide.mcu.externaltools.gnu-tools-for-stm32.13.3.rel1.win32_1.0.0.202411081344/tools/bin/../lib/gcc/arm-none-eabi/13.3.1/../../../../arm-none-eabi/lib/thumb/v7e-m+fp/hard\libc_nano.a(libc_a-printf.o)
                0x0800929c                iprintf
                0x0800929c                printf
 .text._puts_r  0x080092c0       0xaa C:/ST/STM32CubeIDE_1.19.0/STM32CubeIDE/plugins/com.st.stm32cube.ide.mcu.externaltools.gnu-tools-for-stm32.13.3.rel1.win32_1.0.0.202411081344/tools/bin/../lib/gcc/arm-none-eabi/13.3.1/../../../../arm-none-eabi/lib/thumb/v7e-m+fp/hard\libc_nano.a(libc_a-puts.o)
                0x080092c0                _puts_r
 *fill*         0x0800936a        0x2 
 .text.puts     0x0800936c       0x10 C:/ST/STM32CubeIDE_1.19.0/STM32CubeIDE/plugins/com.st.stm32cube.ide.mcu.externaltools.gnu-tools-for-stm32.13.3.rel1.win32_1.0.0.202411081344/tools/bin/../lib/gcc/arm-none-eabi/13.3.1/../../../../arm-none-eabi/lib/thumb/v7e-m+fp/hard\libc_nano.a(libc_a-puts.o)
                0x0800936c                puts
 .text.snprintf
                0x0800937c       0x6c C:/ST/STM32CubeIDE_1.19.0/STM32CubeIDE/plugins/com.st.stm32cube.ide.mcu.externaltools.gnu-tools-for-stm32.13.3.rel1.win32_1.0.0.202411081344/tools/bin/../lib/gcc/arm-none-eabi/13.3.1/../../../../arm-none-eabi/lib/thumb/v7e-m+fp/hard\libc_nano.a(libc_a-snprintf.o)
                0x0800937c                sniprintf
                0x0800937c                snprintf
 .text.sprintf  0x080093e8       0x44 C:/ST/STM32CubeIDE_1.19.0/STM32CubeIDE/plugins/com.st.stm32cube.ide.mcu.externaltools.gnu-tools-for-stm32.13.3.rel1.win32_1.0.0.202411081344/tools/bin/../lib/gcc/arm-none-eabi/13.3.1/../../../../arm-none-eabi/lib/thumb/v7e-m+fp/hard\libc_nano.a(libc_a-sprintf.o)
                0x080093e8                siprintf
                0x080093e8                sprintf
 .text.sscanf   0x0800942c       0x58 C:/ST/STM32CubeIDE_1.19.0/STM32CubeIDE/plugins/com.st.stm32cube.ide.mcu.externaltools.gnu-tools-for-stm32.13.3.rel1.win32_1.0.0.202411081344/tools/bin/../lib/gcc/arm-none-eabi/13.3.1/../../../../arm-none-eabi/lib/thumb/v7e-m+fp/hard\libc_nano.a(libc_a-sscanf.o)
                0x0800942c                siscanf
                0x0800942c                sscanf
 .text.__sread  0x08009484       0x22 C:/ST/STM32CubeIDE_1.19.0/STM32CubeIDE/plugins/com.st.stm32cube.ide.mcu.externaltools.gnu-tools-for-stm32.13.3.rel1.win32_1.0.0.202411081344/tools/bin/../lib/gcc/arm-none-eabi/13.3.1/../../../../arm-none-eabi/lib/thumb/v7e-m+fp/hard\libc_nano.a(libc_a-stdio.o)
                0x08009484                __sread
 .text.__seofread
                0x080094a6        0x4 C:/ST/STM32CubeIDE_1.19.0/STM32CubeIDE/plugins/com.st.stm32cube.ide.mcu.externaltools.gnu-tools-for-stm32.13.3.rel1.win32_1.0.0.202411081344/tools/bin/../lib/gcc/arm-none-eabi/13.3.1/../../../../arm-none-eabi/lib/thumb/v7e-m+fp/hard\libc_nano.a(libc_a-stdio.o)
                0x080094a6                __seofread
 .text.__swrite
                0x080094aa       0x38 C:/ST/STM32CubeIDE_1.19.0/STM32CubeIDE/plugins/com.st.stm32cube.ide.mcu.externaltools.gnu-tools-for-stm32.13.3.rel1.win32_1.0.0.202411081344/tools/bin/../lib/gcc/arm-none-eabi/13.3.1/../../../../arm-none-eabi/lib/thumb/v7e-m+fp/hard\libc_nano.a(libc_a-stdio.o)
                0x080094aa                __swrite
 .text.__sseek  0x080094e2       0x24 C:/ST/STM32CubeIDE_1.19.0/STM32CubeIDE/plugins/com.st.stm32cube.ide.mcu.externaltools.gnu-tools-for-stm32.13.3.rel1.win32_1.0.0.202411081344/tools/bin/../lib/gcc/arm-none-eabi/13.3.1/../../../../arm-none-eabi/lib/thumb/v7e-m+fp/hard\libc_nano.a(libc_a-stdio.o)
                0x080094e2                __sseek
 .text.__sclose
                0x08009506        0x8 C:/ST/STM32CubeIDE_1.19.0/STM32CubeIDE/plugins/com.st.stm32cube.ide.mcu.externaltools.gnu-tools-for-stm32.13.3.rel1.win32_1.0.0.202411081344/tools/bin/../lib/gcc/arm-none-eabi/13.3.1/../../../../arm-none-eabi/lib/thumb/v7e-m+fp/hard\libc_nano.a(libc_a-stdio.o)
                0x08009506                __sclose
 .text.__swbuf_r
                0x0800950e       0x7c C:/ST/STM32CubeIDE_1.19.0/STM32CubeIDE/plugins/com.st.stm32cube.ide.mcu.externaltools.gnu-tools-for-stm32.13.3.rel1.win32_1.0.0.202411081344/tools/bin/../lib/gcc/arm-none-eabi/13.3.1/../../../../arm-none-eabi/lib/thumb/v7e-m+fp/hard\libc_nano.a(libc_a-wbuf.o)
                0x0800950e                __swbuf_r
 *fill*         0x0800958a        0x2 
 .text.__swsetup_r
                0x0800958c       0xac C:/ST/STM32CubeIDE_1.19.0/STM32CubeIDE/plugins/com.st.stm32cube.ide.mcu.externaltools.gnu-tools-for-stm32.13.3.rel1.win32_1.0.0.202411081344/tools/bin/../lib/gcc/arm-none-eabi/13.3.1/../../../../arm-none-eabi/lib/thumb/v7e-m+fp/hard\libc_nano.a(libc_a-wsetup.o)
                0x0800958c                __swsetup_r
 .text.memmove  0x08009638       0x34 C:/ST/STM32CubeIDE_1.19.0/STM32CubeIDE/plugins/com.st.stm32cube.ide.mcu.externaltools.gnu-tools-for-stm32.13.3.rel1.win32_1.0.0.202411081344/tools/bin/../lib/gcc/arm-none-eabi/13.3.1/../../../../arm-none-eabi/lib/thumb/v7e-m+fp/hard\libc_nano.a(libc_a-memmove.o)
                0x08009638                memmove
 .text.memset   0x0800966c       0x10 C:/ST/STM32CubeIDE_1.19.0/STM32CubeIDE/plugins/com.st.stm32cube.ide.mcu.externaltools.gnu-tools-for-stm32.13.3.rel1.win32_1.0.0.202411081344/tools/bin/../lib/gcc/arm-none-eabi/13.3.1/../../../../arm-none-eabi/lib/thumb/v7e-m+fp/hard\libc_nano.a(libc_a-memset.o)
                0x0800966c                memset
 .text.strstr   0x0800967c       0x2c C:/ST/STM32CubeIDE_1.19.0/STM32CubeIDE/plugins/com.st.stm32cube.ide.mcu.externaltools.gnu-tools-for-stm32.13.3.rel1.win32_1.0.0.202411081344/tools/bin/../lib/gcc/arm-none-eabi/13.3.1/../../../../arm-none-eabi/lib/thumb/v7e-m+fp/hard\libc_nano.a(libc_a-strstr.o)
                0x0800967c                strstr
 .text._close_r
                0x080096a8       0x20 C:/ST/STM32CubeIDE_1.19.0/STM32CubeIDE/plugins/com.st.stm32cube.ide.mcu.externaltools.gnu-tools-for-stm32.13.3.rel1.win32_1.0.0.202411081344/tools/bin/../lib/gcc/arm-none-eabi/13.3.1/../../../../arm-none-eabi/lib/thumb/v7e-m+fp/hard\libc_nano.a(libc_a-closer.o)
                0x080096a8                _close_r
 .text._lseek_r
                0x080096c8       0x24 C:/ST/STM32CubeIDE_1.19.0/STM32CubeIDE/plugins/com.st.stm32cube.ide.mcu.externaltools.gnu-tools-for-stm32.13.3.rel1.win32_1.0.0.202411081344/tools/bin/../lib/gcc/arm-none-eabi/13.3.1/../../../../arm-none-eabi/lib/thumb/v7e-m+fp/hard\libc_nano.a(libc_a-lseekr.o)
                0x080096c8                _lseek_r
 .text._read_r  0x080096ec       0x24 C:/ST/STM32CubeIDE_1.19.0/STM32CubeIDE/plugins/com.st.stm32cube.ide.mcu.externaltools.gnu-tools-for-stm32.13.3.rel1.win32_1.0.0.202411081344/tools/bin/../lib/gcc/arm-none-eabi/13.3.1/../../../../arm-none-eabi/lib/thumb/v7e-m+fp/hard\libc_nano.a(libc_a-readr.o)
                0x080096ec                _read_r
 .text._sbrk_r  0x08009710       0x20 C:/ST/STM32CubeIDE_1.19.0/STM32CubeIDE/plugins/com.st.stm32cube.ide.mcu.externaltools.gnu-tools-for-stm32.13.3.rel1.win32_1.0.0.202411081344/tools/bin/../lib/gcc/arm-none-eabi/13.3.1/../../../../arm-none-eabi/lib/thumb/v7e-m+fp/hard\libc_nano.a(libc_a-sbrkr.o)
                0x08009710                _sbrk_r
 .text._write_r
                0x08009730       0x24 C:/ST/STM32CubeIDE_1.19.0/STM32CubeIDE/plugins/com.st.stm32cube.ide.mcu.externaltools.gnu-tools-for-stm32.13.3.rel1.win32_1.0.0.202411081344/tools/bin/../lib/gcc/arm-none-eabi/13.3.1/../../../../arm-none-eabi/lib/thumb/v7e-m+fp/hard\libc_nano.a(libc_a-writer.o)
                0x08009730                _write_r
 .text.__errno  0x08009754        0xc C:/ST/STM32CubeIDE_1.19.0/STM32CubeIDE/plugins/com.st.stm32cube.ide.mcu.externaltools.gnu-tools-for-stm32.13.3.rel1.win32_1.0.0.202411081344/tools/bin/../lib/gcc/arm-none-eabi/13.3.1/../../../../arm-none-eabi/lib/thumb/v7e-m+fp/hard\libc_nano.a(libc_a-errno.o)
                0x08009754                __errno
 .text.__libc_init_array
                0x08009760       0x48 C:/ST/STM32CubeIDE_1.19.0/STM32CubeIDE/plugins/com.st.stm32cube.ide.mcu.externaltools.gnu-tools-for-stm32.13.3.rel1.win32_1.0.0.202411081344/tools/bin/../lib/gcc/arm-none-eabi/13.3.1/../../../../arm-none-eabi/lib/thumb/v7e-m+fp/hard\libc_nano.a(libc_a-init.o)
                0x08009760                __libc_init_array
 .text.__retarget_lock_init_recursive
                0x080097a8        0x2 C:/ST/STM32CubeIDE_1.19.0/STM32CubeIDE/plugins/com.st.stm32cube.ide.mcu.externaltools.gnu-tools-for-stm32.13.3.rel1.win32_1.0.0.202411081344/tools/bin/../lib/gcc/arm-none-eabi/13.3.1/../../../../arm-none-eabi/lib/thumb/v7e-m+fp/hard\libc_nano.a(libc_a-lock.o)
                0x080097a8                __retarget_lock_init_recursive
 .text.__retarget_lock_acquire_recursive
                0x080097aa        0x2 C:/ST/STM32CubeIDE_1.19.0/STM32CubeIDE/plugins/com.st.stm32cube.ide.mcu.externaltools.gnu-tools-for-stm32.13.3.rel1.win32_1.0.0.202411081344/tools/bin/../lib/gcc/arm-none-eabi/13.3.1/../../../../arm-none-eabi/lib/thumb/v7e-m+fp/hard\libc_nano.a(libc_a-lock.o)
                0x080097aa                __retarget_lock_acquire_recursive
 .text.__retarget_lock_release_recursive
                0x080097ac        0x2 C:/ST/STM32CubeIDE_1.19.0/STM32CubeIDE/plugins/com.st.stm32cube.ide.mcu.externaltools.gnu-tools-for-stm32.13.3.rel1.win32_1.0.0.202411081344/tools/bin/../lib/gcc/arm-none-eabi/13.3.1/../../../../arm-none-eabi/lib/thumb/v7e-m+fp/hard\libc_nano.a(libc_a-lock.o)
                0x080097ac                __retarget_lock_release_recursive
 .text.memcpy   0x080097ae       0x1c C:/ST/STM32CubeIDE_1.19.0/STM32CubeIDE/plugins/com.st.stm32cube.ide.mcu.externaltools.gnu-tools-for-stm32.13.3.rel1.win32_1.0.0.202411081344/tools/bin/../lib/gcc/arm-none-eabi/13.3.1/../../../../arm-none-eabi/lib/thumb/v7e-m+fp/hard\libc_nano.a(libc_a-memcpy-stub.o)
                0x080097ae                memcpy
 .text.abort    0x080097ca        0xe C:/ST/STM32CubeIDE_1.19.0/STM32CubeIDE/plugins/com.st.stm32cube.ide.mcu.externaltools.gnu-tools-for-stm32.13.3.rel1.win32_1.0.0.202411081344/tools/bin/../lib/gcc/arm-none-eabi/13.3.1/../../../../arm-none-eabi/lib/thumb/v7e-m+fp/hard\libc_nano.a(libc_a-abort.o)
                0x080097ca                abort
 .text._free_r  0x080097d8       0x94 C:/ST/STM32CubeIDE_1.19.0/STM32CubeIDE/plugins/com.st.stm32cube.ide.mcu.externaltools.gnu-tools-for-stm32.13.3.rel1.win32_1.0.0.202411081344/tools/bin/../lib/gcc/arm-none-eabi/13.3.1/../../../../arm-none-eabi/lib/thumb/v7e-m+fp/hard\libc_nano.a(libc_a-freer.o)
                0x080097d8                _free_r
 .text._realloc_r
                0x0800986c       0x5c C:/ST/STM32CubeIDE_1.19.0/STM32CubeIDE/plugins/com.st.stm32cube.ide.mcu.externaltools.gnu-tools-for-stm32.13.3.rel1.win32_1.0.0.202411081344/tools/bin/../lib/gcc/arm-none-eabi/13.3.1/../../../../arm-none-eabi/lib/thumb/v7e-m+fp/hard\libc_nano.a(libc_a-reallocr.o)
                0x0800986c                _realloc_r
 .text.__ssputs_r
                0x080098c8       0xb6 C:/ST/STM32CubeIDE_1.19.0/STM32CubeIDE/plugins/com.st.stm32cube.ide.mcu.externaltools.gnu-tools-for-stm32.13.3.rel1.win32_1.0.0.202411081344/tools/bin/../lib/gcc/arm-none-eabi/13.3.1/../../../../arm-none-eabi/lib/thumb/v7e-m+fp/hard\libc_nano.a(libc_a-nano-svfprintf.o)
                0x080098c8                __ssputs_r
 *fill*         0x0800997e        0x2 
 .text._svfprintf_r
                0x08009980      0x1f8 C:/ST/STM32CubeIDE_1.19.0/STM32CubeIDE/plugins/com.st.stm32cube.ide.mcu.externaltools.gnu-tools-for-stm32.13.3.rel1.win32_1.0.0.202411081344/tools/bin/../lib/gcc/arm-none-eabi/13.3.1/../../../../arm-none-eabi/lib/thumb/v7e-m+fp/hard\libc_nano.a(libc_a-nano-svfprintf.o)
                0x08009980                _svfiprintf_r
                0x08009980                _svfprintf_r
 .text._sungetc_r
                0x08009b78       0x7a C:/ST/STM32CubeIDE_1.19.0/STM32CubeIDE/plugins/com.st.stm32cube.ide.mcu.externaltools.gnu-tools-for-stm32.13.3.rel1.win32_1.0.0.202411081344/tools/bin/../lib/gcc/arm-none-eabi/13.3.1/../../../../arm-none-eabi/lib/thumb/v7e-m+fp/hard\libc_nano.a(libc_a-nano-svfscanf.o)
                0x08009b78                _sungetc_r
 .text.__ssrefill_r
                0x08009bf2       0x3a C:/ST/STM32CubeIDE_1.19.0/STM32CubeIDE/plugins/com.st.stm32cube.ide.mcu.externaltools.gnu-tools-for-stm32.13.3.rel1.win32_1.0.0.202411081344/tools/bin/../lib/gcc/arm-none-eabi/13.3.1/../../../../arm-none-eabi/lib/thumb/v7e-m+fp/hard\libc_nano.a(libc_a-nano-svfscanf.o)
                0x08009bf2                __ssrefill_r
 .text.__ssvfscanf_r
                0x08009c2c      0x2ec C:/ST/STM32CubeIDE_1.19.0/STM32CubeIDE/plugins/com.st.stm32cube.ide.mcu.externaltools.gnu-tools-for-stm32.13.3.rel1.win32_1.0.0.202411081344/tools/bin/../lib/gcc/arm-none-eabi/13.3.1/../../../../arm-none-eabi/lib/thumb/v7e-m+fp/hard\libc_nano.a(libc_a-nano-svfscanf.o)
                0x08009c2c                __ssvfiscanf_r
                0x08009c2c                __ssvfscanf_r
 .text._scanf_chars
                0x08009f18       0xb4 C:/ST/STM32CubeIDE_1.19.0/STM32CubeIDE/plugins/com.st.stm32cube.ide.mcu.externaltools.gnu-tools-for-stm32.13.3.rel1.win32_1.0.0.202411081344/tools/bin/../lib/gcc/arm-none-eabi/13.3.1/../../../../arm-none-eabi/lib/thumb/v7e-m+fp/hard\libc_nano.a(libc_a-nano-vfscanf_i.o)
                0x08009f18                _scanf_chars
 .text._scanf_i
                0x08009fcc      0x1e8 C:/ST/STM32CubeIDE_1.19.0/STM32CubeIDE/plugins/com.st.stm32cube.ide.mcu.externaltools.gnu-tools-for-stm32.13.3.rel1.win32_1.0.0.202411081344/tools/bin/../lib/gcc/arm-none-eabi/13.3.1/../../../../arm-none-eabi/lib/thumb/v7e-m+fp/hard\libc_nano.a(libc_a-nano-vfscanf_i.o)
                0x08009fcc                _scanf_i
 .text.__swhatbuf_r
                0x0800a1b4       0x4c C:/ST/STM32CubeIDE_1.19.0/STM32CubeIDE/plugins/com.st.stm32cube.ide.mcu.externaltools.gnu-tools-for-stm32.13.3.rel1.win32_1.0.0.202411081344/tools/bin/../lib/gcc/arm-none-eabi/13.3.1/../../../../arm-none-eabi/lib/thumb/v7e-m+fp/hard\libc_nano.a(libc_a-makebuf.o)
                0x0800a1b4                __swhatbuf_r
 .text.__smakebuf_r
                0x0800a200       0x78 C:/ST/STM32CubeIDE_1.19.0/STM32CubeIDE/plugins/com.st.stm32cube.ide.mcu.externaltools.gnu-tools-for-stm32.13.3.rel1.win32_1.0.0.202411081344/tools/bin/../lib/gcc/arm-none-eabi/13.3.1/../../../../arm-none-eabi/lib/thumb/v7e-m+fp/hard\libc_nano.a(libc_a-makebuf.o)
                0x0800a200                __smakebuf_r
 .text.__sccl   0x0800a278       0x72 C:/ST/STM32CubeIDE_1.19.0/STM32CubeIDE/plugins/com.st.stm32cube.ide.mcu.externaltools.gnu-tools-for-stm32.13.3.rel1.win32_1.0.0.202411081344/tools/bin/../lib/gcc/arm-none-eabi/13.3.1/../../../../arm-none-eabi/lib/thumb/v7e-m+fp/hard\libc_nano.a(libc_a-sccl.o)
                0x0800a278                __sccl
 .text.__submore
                0x0800a2ea       0x74 C:/ST/STM32CubeIDE_1.19.0/STM32CubeIDE/plugins/com.st.stm32cube.ide.mcu.externaltools.gnu-tools-for-stm32.13.3.rel1.win32_1.0.0.202411081344/tools/bin/../lib/gcc/arm-none-eabi/13.3.1/../../../../arm-none-eabi/lib/thumb/v7e-m+fp/hard\libc_nano.a(libc_a-ungetc.o)
                0x0800a2ea                __submore
 .text._raise_r
                0x0800a35e       0x50 C:/ST/STM32CubeIDE_1.19.0/STM32CubeIDE/plugins/com.st.stm32cube.ide.mcu.externaltools.gnu-tools-for-stm32.13.3.rel1.win32_1.0.0.202411081344/tools/bin/../lib/gcc/arm-none-eabi/13.3.1/../../../../arm-none-eabi/lib/thumb/v7e-m+fp/hard\libc_nano.a(libc_a-signal.o)
                0x0800a35e                _raise_r
 *fill*         0x0800a3ae        0x2 
 .text.raise    0x0800a3b0       0x10 C:/ST/STM32CubeIDE_1.19.0/STM32CubeIDE/plugins/com.st.stm32cube.ide.mcu.externaltools.gnu-tools-for-stm32.13.3.rel1.win32_1.0.0.202411081344/tools/bin/../lib/gcc/arm-none-eabi/13.3.1/../../../../arm-none-eabi/lib/thumb/v7e-m+fp/hard\libc_nano.a(libc_a-signal.o)
                0x0800a3b0                raise
 .text._fstat_r
                0x0800a3c0       0x24 C:/ST/STM32CubeIDE_1.19.0/STM32CubeIDE/plugins/com.st.stm32cube.ide.mcu.externaltools.gnu-tools-for-stm32.13.3.rel1.win32_1.0.0.202411081344/tools/bin/../lib/gcc/arm-none-eabi/13.3.1/../../../../arm-none-eabi/lib/thumb/v7e-m+fp/hard\libc_nano.a(libc_a-fstatr.o)
                0x0800a3c0                _fstat_r
 .text._isatty_r
                0x0800a3e4       0x20 C:/ST/STM32CubeIDE_1.19.0/STM32CubeIDE/plugins/com.st.stm32cube.ide.mcu.externaltools.gnu-tools-for-stm32.13.3.rel1.win32_1.0.0.202411081344/tools/bin/../lib/gcc/arm-none-eabi/13.3.1/../../../../arm-none-eabi/lib/thumb/v7e-m+fp/hard\libc_nano.a(libc_a-isattyr.o)
                0x0800a3e4                _isatty_r
 .text._kill_r  0x0800a404       0x24 C:/ST/STM32CubeIDE_1.19.0/STM32CubeIDE/plugins/com.st.stm32cube.ide.mcu.externaltools.gnu-tools-for-stm32.13.3.rel1.win32_1.0.0.202411081344/tools/bin/../lib/gcc/arm-none-eabi/13.3.1/../../../../arm-none-eabi/lib/thumb/v7e-m+fp/hard\libc_nano.a(libc_a-signalr.o)
                0x0800a404                _kill_r
 .text._getpid_r
                0x0800a428        0x4 C:/ST/STM32CubeIDE_1.19.0/STM32CubeIDE/plugins/com.st.stm32cube.ide.mcu.externaltools.gnu-tools-for-stm32.13.3.rel1.win32_1.0.0.202411081344/tools/bin/../lib/gcc/arm-none-eabi/13.3.1/../../../../arm-none-eabi/lib/thumb/v7e-m+fp/hard\libc_nano.a(libc_a-signalr.o)
                0x0800a428                _getpid_r
 .text._malloc_usable_size_r
                0x0800a42c       0x10 C:/ST/STM32CubeIDE_1.19.0/STM32CubeIDE/plugins/com.st.stm32cube.ide.mcu.externaltools.gnu-tools-for-stm32.13.3.rel1.win32_1.0.0.202411081344/tools/bin/../lib/gcc/arm-none-eabi/13.3.1/../../../../arm-none-eabi/lib/thumb/v7e-m+fp/hard\libc_nano.a(libc_a-msizer.o)
                0x0800a42c                _malloc_usable_size_r
 .text._strtoul_l.isra.0
                0x0800a43c       0xdc C:/ST/STM32CubeIDE_1.19.0/STM32CubeIDE/plugins/com.st.stm32cube.ide.mcu.externaltools.gnu-tools-for-stm32.13.3.rel1.win32_1.0.0.202411081344/tools/bin/../lib/gcc/arm-none-eabi/13.3.1/../../../../arm-none-eabi/lib/thumb/v7e-m+fp/hard\libc_nano.a(libc_a-strtoul.o)
 .text._strtoul_r
                0x0800a518        0x4 C:/ST/STM32CubeIDE_1.19.0/STM32CubeIDE/plugins/com.st.stm32cube.ide.mcu.externaltools.gnu-tools-for-stm32.13.3.rel1.win32_1.0.0.202411081344/tools/bin/../lib/gcc/arm-none-eabi/13.3.1/../../../../arm-none-eabi/lib/thumb/v7e-m+fp/hard\libc_nano.a(libc_a-strtoul.o)
                0x0800a518                _strtoul_r
 .text._close   0x0800a51c       0x10 C:/ST/STM32CubeIDE_1.19.0/STM32CubeIDE/plugins/com.st.stm32cube.ide.mcu.externaltools.gnu-tools-for-stm32.13.3.rel1.win32_1.0.0.202411081344/tools/bin/../lib/gcc/arm-none-eabi/13.3.1/../../../../arm-none-eabi/lib/thumb/v7e-m+fp/hard\libnosys.a(close.o)
                0x0800a51c                _close
 .text._fstat   0x0800a52c       0x10 C:/ST/STM32CubeIDE_1.19.0/STM32CubeIDE/plugins/com.st.stm32cube.ide.mcu.externaltools.gnu-tools-for-stm32.13.3.rel1.win32_1.0.0.202411081344/tools/bin/../lib/gcc/arm-none-eabi/13.3.1/../../../../arm-none-eabi/lib/thumb/v7e-m+fp/hard\libnosys.a(fstat.o)
                0x0800a52c                _fstat
 .text._getpid  0x0800a53c       0x10 C:/ST/STM32CubeIDE_1.19.0/STM32CubeIDE/plugins/com.st.stm32cube.ide.mcu.externaltools.gnu-tools-for-stm32.13.3.rel1.win32_1.0.0.202411081344/tools/bin/../lib/gcc/arm-none-eabi/13.3.1/../../../../arm-none-eabi/lib/thumb/v7e-m+fp/hard\libnosys.a(getpid.o)
                0x0800a53c                _getpid
 .text._isatty  0x0800a54c       0x10 C:/ST/STM32CubeIDE_1.19.0/STM32CubeIDE/plugins/com.st.stm32cube.ide.mcu.externaltools.gnu-tools-for-stm32.13.3.rel1.win32_1.0.0.202411081344/tools/bin/../lib/gcc/arm-none-eabi/13.3.1/../../../../arm-none-eabi/lib/thumb/v7e-m+fp/hard\libnosys.a(isatty.o)
                0x0800a54c                _isatty
 .text._kill    0x0800a55c       0x10 C:/ST/STM32CubeIDE_1.19.0/STM32CubeIDE/plugins/com.st.stm32cube.ide.mcu.externaltools.gnu-tools-for-stm32.13.3.rel1.win32_1.0.0.202411081344/tools/bin/../lib/gcc/arm-none-eabi/13.3.1/../../../../arm-none-eabi/lib/thumb/v7e-m+fp/hard\libnosys.a(kill.o)
                0x0800a55c                _kill
 .text._lseek   0x0800a56c       0x10 C:/ST/STM32CubeIDE_1.19.0/STM32CubeIDE/plugins/com.st.stm32cube.ide.mcu.externaltools.gnu-tools-for-stm32.13.3.rel1.win32_1.0.0.202411081344/tools/bin/../lib/gcc/arm-none-eabi/13.3.1/../../../../arm-none-eabi/lib/thumb/v7e-m+fp/hard\libnosys.a(lseek.o)
                0x0800a56c                _lseek
 .text._read    0x0800a57c       0x10 C:/ST/STM32CubeIDE_1.19.0/STM32CubeIDE/plugins/com.st.stm32cube.ide.mcu.externaltools.gnu-tools-for-stm32.13.3.rel1.win32_1.0.0.202411081344/tools/bin/../lib/gcc/arm-none-eabi/13.3.1/../../../../arm-none-eabi/lib/thumb/v7e-m+fp/hard\libnosys.a(read.o)
                0x0800a57c                _read
 .text._sbrk    0x0800a58c       0x1c C:/ST/STM32CubeIDE_1.19.0/STM32CubeIDE/plugins/com.st.stm32cube.ide.mcu.externaltools.gnu-tools-for-stm32.13.3.rel1.win32_1.0.0.202411081344/tools/bin/../lib/gcc/arm-none-eabi/13.3.1/../../../../arm-none-eabi/lib/thumb/v7e-m+fp/hard\libnosys.a(sbrk.o)
                0x0800a58c                _sbrk
 .text._exit    0x0800a5a8        0x2 C:/ST/STM32CubeIDE_1.19.0/STM32CubeIDE/plugins/com.st.stm32cube.ide.mcu.externaltools.gnu-tools-for-stm32.13.3.rel1.win32_1.0.0.202411081344/tools/bin/../lib/gcc/arm-none-eabi/13.3.1/../../../../arm-none-eabi/lib/thumb/v7e-m+fp/hard\libnosys.a(_exit.o)
                0x0800a5a8                _exit
 *(.glue_7)
 .glue_7        0x0800a5aa        0x0 linker stubs
 *(.glue_7t)
 .glue_7t       0x0800a5aa        0x0 linker stubs
 *(.eh_frame)
 *fill*         0x0800a5aa        0x2 
 .eh_frame      0x0800a5ac        0x0 C:/ST/STM32CubeIDE_1.19.0/STM32CubeIDE/plugins/com.st.stm32cube.ide.mcu.externaltools.gnu-tools-for-stm32.13.3.rel1.win32_1.0.0.202411081344/tools/bin/../lib/gcc/arm-none-eabi/13.3.1/thumb/v7e-m+fp/hard/crtbegin.o
 *(.init)
 .init          0x0800a5ac        0x4 C:/ST/STM32CubeIDE_1.19.0/STM32CubeIDE/plugins/com.st.stm32cube.ide.mcu.externaltools.gnu-tools-for-stm32.13.3.rel1.win32_1.0.0.202411081344/tools/bin/../lib/gcc/arm-none-eabi/13.3.1/thumb/v7e-m+fp/hard/crti.o
                0x0800a5ac                _init
 .init          0x0800a5b0        0x8 C:/ST/STM32CubeIDE_1.19.0/STM32CubeIDE/plugins/com.st.stm32cube.ide.mcu.externaltools.gnu-tools-for-stm32.13.3.rel1.win32_1.0.0.202411081344/tools/bin/../lib/gcc/arm-none-eabi/13.3.1/thumb/v7e-m+fp/hard/crtn.o
 *(.fini)
 .fini          0x0800a5b8        0x4 C:/ST/STM32CubeIDE_1.19.0/STM32CubeIDE/plugins/com.st.stm32cube.ide.mcu.externaltools.gnu-tools-for-stm32.13.3.rel1.win32_1.0.0.202411081344/tools/bin/../lib/gcc/arm-none-eabi/13.3.1/thumb/v7e-m+fp/hard/crti.o
                0x0800a5b8                _fini
 .fini          0x0800a5bc        0x8 C:/ST/STM32CubeIDE_1.19.0/STM32CubeIDE/plugins/com.st.stm32cube.ide.mcu.externaltools.gnu-tools-for-stm32.13.3.rel1.win32_1.0.0.202411081344/tools/bin/../lib/gcc/arm-none-eabi/13.3.1/thumb/v7e-m+fp/hard/crtn.o
                0x0800a5c4                        . = ALIGN (0x4)
                0x0800a5c4                        _etext = .

.vfp11_veneer   0x0800a5c4        0x0
 .vfp11_veneer  0x0800a5c4        0x0 linker stubs

.v4_bx          0x0800a5c4        0x0
 .v4_bx         0x0800a5c4        0x0 linker stubs

.iplt           0x0800a5c4        0x0
 .iplt          0x0800a5c4        0x0 C:/ST/STM32CubeIDE_1.19.0/STM32CubeIDE/plugins/com.st.stm32cube.ide.mcu.externaltools.gnu-tools-for-stm32.13.3.rel1.win32_1.0.0.202411081344/tools/bin/../lib/gcc/arm-none-eabi/13.3.1/thumb/v7e-m+fp/hard/crtbegin.o

.rodata         0x0800a5c4     0x11c4
                0x0800a5c4                        . = ALIGN (0x4)
 *(.rodata)
 .rodata        0x0800a5c4      0xabe ./Core/Src/main.o
 *fill*         0x0800b082        0x2 
 .rodata        0x0800b084      0x30b ./IOT_SDK/BSP/esp32_at.o
 *fill*         0x0800b38f        0x1 
 .rodata        0x0800b390        0x5 ./IOT_SDK/Thirdparty/FreeRTOS-Kernel/tasks.o
 *fill*         0x0800b395        0x3 
 .rodata        0x0800b398        0x8 ./IOT_SDK/Thirdparty/FreeRTOS-Kernel/timers.o
 .rodata        0x0800b3a0       0x16 ./IOT_SDK/mqtt_helper/mqtt_helper.o
 *fill*         0x0800b3b6        0x2 
 .rodata        0x0800b3b8        0xc C:/ST/STM32CubeIDE_1.19.0/STM32CubeIDE/plugins/com.st.stm32cube.ide.mcu.externaltools.gnu-tools-for-stm32.13.3.rel1.win32_1.0.0.202411081344/tools/bin/../lib/gcc/arm-none-eabi/13.3.1/../../../../arm-none-eabi/lib/thumb/v7e-m+fp/hard\libc_nano.a(libc_a-nano-vfscanf_i.o)
 *(.rodata*)
 .rodata.Font5x7
                0x0800b3c4      0x1e0 ./Core/Src/ssd_1306.o
 .rodata.AHBPrescTable
                0x0800b5a4       0x10 ./Core/Src/system_stm32f4xx.o
                0x0800b5a4                AHBPrescTable
 .rodata.APBPrescTable
                0x0800b5b4        0x8 ./Core/Src/system_stm32f4xx.o
                0x0800b5b4                APBPrescTable
 .rodata.__func__.2
                0x0800b5bc       0x13 ./IOT_SDK/BSP/esp32_at.o
 *fill*         0x0800b5cf        0x1 
 .rodata.__func__.1
                0x0800b5d0       0x15 ./IOT_SDK/BSP/esp32_at.o
 *fill*         0x0800b5e5        0x3 
 .rodata.__func__.0
                0x0800b5e8        0xf ./IOT_SDK/BSP/esp32_at.o
 *fill*         0x0800b5f7        0x1 
 .rodata.uxTopUsedPriority
                0x0800b5f8        0x4 ./IOT_SDK/Thirdparty/FreeRTOS-Kernel/tasks.o
 .rodata.__assert_func.str1.1
                0x0800b5fc       0x8a C:/ST/STM32CubeIDE_1.19.0/STM32CubeIDE/plugins/com.st.stm32cube.ide.mcu.externaltools.gnu-tools-for-stm32.13.3.rel1.win32_1.0.0.202411081344/tools/bin/../lib/gcc/arm-none-eabi/13.3.1/../../../../arm-none-eabi/lib/thumb/v7e-m+fp/hard\libc_nano.a(libc_a-assert.o)
                                 0x3d (size before relaxing)
 .rodata._ctype_
                0x0800b686      0x101 C:/ST/STM32CubeIDE_1.19.0/STM32CubeIDE/plugins/com.st.stm32cube.ide.mcu.externaltools.gnu-tools-for-stm32.13.3.rel1.win32_1.0.0.202411081344/tools/bin/../lib/gcc/arm-none-eabi/13.3.1/../../../../arm-none-eabi/lib/thumb/v7e-m+fp/hard\libc_nano.a(libc_a-ctype_.o)
                0x0800b686                _ctype_
 .rodata._vfprintf_r.str1.1
                0x0800b787       0x11 C:/ST/STM32CubeIDE_1.19.0/STM32CubeIDE/plugins/com.st.stm32cube.ide.mcu.externaltools.gnu-tools-for-stm32.13.3.rel1.win32_1.0.0.202411081344/tools/bin/../lib/gcc/arm-none-eabi/13.3.1/../../../../arm-none-eabi/lib/thumb/v7e-m+fp/hard\libc_nano.a(libc_a-nano-vfprintf.o)
 .rodata._printf_i.str1.1
                0x0800b787       0x22 C:/ST/STM32CubeIDE_1.19.0/STM32CubeIDE/plugins/com.st.stm32cube.ide.mcu.externaltools.gnu-tools-for-stm32.13.3.rel1.win32_1.0.0.202411081344/tools/bin/../lib/gcc/arm-none-eabi/13.3.1/../../../../arm-none-eabi/lib/thumb/v7e-m+fp/hard\libc_nano.a(libc_a-nano-vfprintf_i.o)
 .rodata._svfprintf_r.str1.1
                0x0800b787       0x11 C:/ST/STM32CubeIDE_1.19.0/STM32CubeIDE/plugins/com.st.stm32cube.ide.mcu.externaltools.gnu-tools-for-stm32.13.3.rel1.win32_1.0.0.202411081344/tools/bin/../lib/gcc/arm-none-eabi/13.3.1/../../../../arm-none-eabi/lib/thumb/v7e-m+fp/hard\libc_nano.a(libc_a-nano-svfprintf.o)
 .rodata.__ssvfscanf_r.str1.1
                0x0800b787        0x4 C:/ST/STM32CubeIDE_1.19.0/STM32CubeIDE/plugins/com.st.stm32cube.ide.mcu.externaltools.gnu-tools-for-stm32.13.3.rel1.win32_1.0.0.202411081344/tools/bin/../lib/gcc/arm-none-eabi/13.3.1/../../../../arm-none-eabi/lib/thumb/v7e-m+fp/hard\libc_nano.a(libc_a-nano-svfscanf.o)
 .rodata._scanf_i.str1.1
                0x0800b787       0x12 C:/ST/STM32CubeIDE_1.19.0/STM32CubeIDE/plugins/com.st.stm32cube.ide.mcu.externaltools.gnu-tools-for-stm32.13.3.rel1.win32_1.0.0.202411081344/tools/bin/../lib/gcc/arm-none-eabi/13.3.1/../../../../arm-none-eabi/lib/thumb/v7e-m+fp/hard\libc_nano.a(libc_a-nano-vfscanf_i.o)
 .rodata.str1.1
                0x0800b787        0x9 C:/ST/STM32CubeIDE_1.19.0/STM32CubeIDE/plugins/com.st.stm32cube.ide.mcu.externaltools.gnu-tools-for-stm32.13.3.rel1.win32_1.0.0.202411081344/tools/bin/../lib/gcc/arm-none-eabi/13.3.1/../../../../arm-none-eabi/lib/thumb/v7e-m+fp/hard\libc_nano.a(libc_a-nano-vfscanf_i.o)
                0x0800b7ac                        . = ALIGN (0x4)
 *fill*         0x0800b787        0x1 

.ARM.extab      0x0800b788        0x0
                0x0800b788                        . = ALIGN (0x4)
 *(.ARM.extab* .gnu.linkonce.armextab.*)
                0x0800b788                        . = ALIGN (0x4)

.ARM            0x0800b788        0x8
                0x0800b788                        . = ALIGN (0x4)
                0x0800b788                        __exidx_start = .
 *(.ARM.exidx*)
 .ARM.exidx     0x0800b788        0x8 C:/ST/STM32CubeIDE_1.19.0/STM32CubeIDE/plugins/com.st.stm32cube.ide.mcu.externaltools.gnu-tools-for-stm32.13.3.rel1.win32_1.0.0.202411081344/tools/bin/../lib/gcc/arm-none-eabi/13.3.1/../../../../arm-none-eabi/lib/thumb/v7e-m+fp/hard\libc_nano.a(libc_a-memchr.o)
 .ARM.exidx     0x0800b790        0x0 C:/ST/STM32CubeIDE_1.19.0/STM32CubeIDE/plugins/com.st.stm32cube.ide.mcu.externaltools.gnu-tools-for-stm32.13.3.rel1.win32_1.0.0.202411081344/tools/bin/../lib/gcc/arm-none-eabi/13.3.1/../../../../arm-none-eabi/lib/thumb/v7e-m+fp/hard\libc_nano.a(libc_a-strlen.o)
                                  0x8 (size before relaxing)
 .ARM.exidx     0x0800b790        0x0 C:/ST/STM32CubeIDE_1.19.0/STM32CubeIDE/plugins/com.st.stm32cube.ide.mcu.externaltools.gnu-tools-for-stm32.13.3.rel1.win32_1.0.0.202411081344/tools/bin/../lib/gcc/arm-none-eabi/13.3.1/thumb/v7e-m+fp/hard\libgcc.a(_udivmoddi4.o)
                                  0x8 (size before relaxing)
                0x0800b790                        __exidx_end = .
                0x0800b790                        . = ALIGN (0x4)

.preinit_array  0x0800b790        0x0
                0x0800b790                        . = ALIGN (0x4)
                0x0800b790                        PROVIDE (__preinit_array_start = .)
 *(.preinit_array*)
                0x0800b790                        PROVIDE (__preinit_array_end = .)
                0x0800b790                        . = ALIGN (0x4)

.init_array     0x0800b790        0x4
                0x0800b790                        . = ALIGN (0x4)
                0x0800b790                        PROVIDE (__init_array_start = .)
 *(SORT_BY_NAME(.init_array.*))
 *(.init_array*)
 .init_array    0x0800b790        0x4 C:/ST/STM32CubeIDE_1.19.0/STM32CubeIDE/plugins/com.st.stm32cube.ide.mcu.externaltools.gnu-tools-for-stm32.13.3.rel1.win32_1.0.0.202411081344/tools/bin/../lib/gcc/arm-none-eabi/13.3.1/thumb/v7e-m+fp/hard/crtbegin.o
                0x0800b794                        PROVIDE (__init_array_end = .)
                0x0800b794                        . = ALIGN (0x4)

.fini_array     0x0800b794        0x4
                0x0800b794                        . = ALIGN (0x4)
                [!provide]                        PROVIDE (__fini_array_start = .)
 *(SORT_BY_NAME(.fini_array.*))
 *(.fini_array*)
 .fini_array    0x0800b794        0x4 C:/ST/STM32CubeIDE_1.19.0/STM32CubeIDE/plugins/com.st.stm32cube.ide.mcu.externaltools.gnu-tools-for-stm32.13.3.rel1.win32_1.0.0.202411081344/tools/bin/../lib/gcc/arm-none-eabi/13.3.1/thumb/v7e-m+fp/hard/crtbegin.o
                [!provide]                        PROVIDE (__fini_array_end = .)
                0x0800b798                        . = ALIGN (0x4)
                0x0800b798                        _sidata = LOADADDR (.data)

.rel.dyn        0x0800b798        0x0
 .rel.iplt      0x0800b798        0x0 C:/ST/STM32CubeIDE_1.19.0/STM32CubeIDE/plugins/com.st.stm32cube.ide.mcu.externaltools.gnu-tools-for-stm32.13.3.rel1.win32_1.0.0.202411081344/tools/bin/../lib/gcc/arm-none-eabi/13.3.1/thumb/v7e-m+fp/hard/crtbegin.o

.data           0x20000000      0x264 load address 0x0800b798
                0x20000000                        . = ALIGN (0x4)
                0x20000000                        _sdata = .
 *(.data)
 *(.data*)
 .data.electoral_list
                0x20000000      0x1b8 ./Core/Src/main.o
 .data.GenImg   0x200001b8        0xc ./Core/Src/main.o
 .data.Genchar1
                0x200001c4        0xd ./Core/Src/main.o
 *fill*         0x200001d1        0x3 
 .data.Search   0x200001d4       0x11 ./Core/Src/main.o
 *fill*         0x200001e5        0x3 
 .data.ReadTemplateNum
                0x200001e8        0xc ./Core/Src/main.o
 .data.msg      0x200001f4        0x4 ./Core/Src/main.o
                0x200001f4                msg
 .data.SystemCoreClock
                0x200001f8        0x4 ./Core/Src/system_stm32f4xx.o
                0x200001f8                SystemCoreClock
 .data.uwTickPrio
                0x200001fc        0x4 ./Drivers/STM32F4xx_HAL_Driver/Src/stm32f4xx_hal.o
                0x200001fc                uwTickPrio
 .data.uwTickFreq
                0x20000200        0x1 ./Drivers/STM32F4xx_HAL_Driver/Src/stm32f4xx_hal.o
                0x20000200                uwTickFreq
 *fill*         0x20000201        0x3 
 .data.uxCriticalNesting
                0x20000204        0x4 ./IOT_SDK/Thirdparty/FreeRTOS-Kernel/portable/GCC/ARM_CM4F/port.o
 .data.__sglue  0x20000208        0xc C:/ST/STM32CubeIDE_1.19.0/STM32CubeIDE/plugins/com.st.stm32cube.ide.mcu.externaltools.gnu-tools-for-stm32.13.3.rel1.win32_1.0.0.202411081344/tools/bin/../lib/gcc/arm-none-eabi/13.3.1/../../../../arm-none-eabi/lib/thumb/v7e-m+fp/hard\libc_nano.a(libc_a-findfp.o)
                0x20000208                __sglue
 .data._impure_ptr
                0x20000214        0x4 C:/ST/STM32CubeIDE_1.19.0/STM32CubeIDE/plugins/com.st.stm32cube.ide.mcu.externaltools.gnu-tools-for-stm32.13.3.rel1.win32_1.0.0.202411081344/tools/bin/../lib/gcc/arm-none-eabi/13.3.1/../../../../arm-none-eabi/lib/thumb/v7e-m+fp/hard\libc_nano.a(libc_a-impure.o)
                0x20000214                _impure_ptr
 .data._impure_data
                0x20000218       0x4c C:/ST/STM32CubeIDE_1.19.0/STM32CubeIDE/plugins/com.st.stm32cube.ide.mcu.externaltools.gnu-tools-for-stm32.13.3.rel1.win32_1.0.0.202411081344/tools/bin/../lib/gcc/arm-none-eabi/13.3.1/../../../../arm-none-eabi/lib/thumb/v7e-m+fp/hard\libc_nano.a(libc_a-impure.o)
                0x20000218                _impure_data
 *(.RamFunc)
 *(.RamFunc*)
                0x20000264                        . = ALIGN (0x4)
                0x20000264                        _edata = .

.igot.plt       0x20000264        0x0 load address 0x0800b9fc
 .igot.plt      0x20000264        0x0 C:/ST/STM32CubeIDE_1.19.0/STM32CubeIDE/plugins/com.st.stm32cube.ide.mcu.externaltools.gnu-tools-for-stm32.13.3.rel1.win32_1.0.0.202411081344/tools/bin/../lib/gcc/arm-none-eabi/13.3.1/thumb/v7e-m+fp/hard/crtbegin.o
                0x20000264                        . = ALIGN (0x4)

.bss            0x20000264     0xeac4 load address 0x0800b9fc
                0x20000264                        _sbss = .
                0x20000264                        __bss_start__ = _sbss
 *(.bss)
 .bss           0x20000264       0x1c C:/ST/STM32CubeIDE_1.19.0/STM32CubeIDE/plugins/com.st.stm32cube.ide.mcu.externaltools.gnu-tools-for-stm32.13.3.rel1.win32_1.0.0.202411081344/tools/bin/../lib/gcc/arm-none-eabi/13.3.1/thumb/v7e-m+fp/hard/crtbegin.o
 *(.bss*)
 .bss.mqtt_tx_queue
                0x20000280        0x4 ./Core/Src/main.o
                0x20000280                mqtt_tx_queue
 .bss.mqtt_rx_queue
                0x20000284        0x4 ./Core/Src/main.o
                0x20000284                mqtt_rx_queue
 .bss.huart2    0x20000288       0x48 ./Core/Src/main.o
                0x20000288                huart2
 .bss.huart1    0x200002d0       0x48 ./Core/Src/main.o
                0x200002d0                huart1
 .bss.huart6    0x20000318       0x48 ./Core/Src/main.o
                0x20000318                huart6
 .bss.hspi1     0x20000360       0x58 ./Core/Src/main.o
                0x20000360                hspi1
 .bss.htim5     0x200003b8       0x48 ./Core/Src/main.o
                0x200003b8                htim5
 .bss.msg1      0x20000400       0xc8 ./Core/Src/main.o
                0x20000400                msg1
 .bss.id_no     0x200004c8        0x1 ./Core/Src/main.o
                0x200004c8                id_no
 .bss.total_votes
                0x200004c9        0x1 ./Core/Src/main.o
                0x200004c9                total_votes
 *fill*         0x200004ca        0x2 
 .bss.payload_buffer.1
                0x200004cc      0x200 ./Core/Src/main.o
 .bss.topic_buffer.0
                0x200006cc       0x50 ./Core/Src/main.o
 .bss.SSD1306_Buffer
                0x2000071c      0x400 ./Core/Src/ssd_1306.o
 .bss.CurrentX  0x20000b1c        0x1 ./Core/Src/ssd_1306.o
 .bss.CurrentY  0x20000b1d        0x1 ./Core/Src/ssd_1306.o
 *fill*         0x20000b1e        0x2 
 .bss.uwTick    0x20000b20        0x4 ./Drivers/STM32F4xx_HAL_Driver/Src/stm32f4xx_hal.o
                0x20000b20                uwTick
 .bss.at_cmd    0x20000b24      0x100 ./IOT_SDK/BSP/esp32_at.o
 .bss.rx_buffer
                0x20000c24      0xc00 ./IOT_SDK/BSP/esp32_at.o
 .bss.wifi_rx_buffer
                0x20001824     0x2804 ./IOT_SDK/BSP/esp32_at_io.o
                0x20001824                wifi_rx_buffer
 .bss.rx_byte   0x20004028        0x1 ./IOT_SDK/BSP/esp32_at_io.o
                0x20004028                rx_byte
 *fill*         0x20004029        0x3 
 .bss.timerTaskTCB.3
                0x2000402c       0x50 ./IOT_SDK/Thirdparty/FreeRTOS-Kernel/freertos_hooks.o
 .bss.timerTaskStack.2
                0x2000407c      0x400 ./IOT_SDK/Thirdparty/FreeRTOS-Kernel/freertos_hooks.o
 .bss.idleTaskTCB.1
                0x2000447c       0x50 ./IOT_SDK/Thirdparty/FreeRTOS-Kernel/freertos_hooks.o
 .bss.idleTaskStack.0
                0x200044cc      0x200 ./IOT_SDK/Thirdparty/FreeRTOS-Kernel/freertos_hooks.o
 .bss.pxCurrentTCB
                0x200046cc        0x4 ./IOT_SDK/Thirdparty/FreeRTOS-Kernel/tasks.o
                0x200046cc                pxCurrentTCB
 .bss.pxReadyTasksLists
                0x200046d0      0x280 ./IOT_SDK/Thirdparty/FreeRTOS-Kernel/tasks.o
 .bss.xDelayedTaskList1
                0x20004950       0x14 ./IOT_SDK/Thirdparty/FreeRTOS-Kernel/tasks.o
 .bss.xDelayedTaskList2
                0x20004964       0x14 ./IOT_SDK/Thirdparty/FreeRTOS-Kernel/tasks.o
 .bss.pxDelayedTaskList
                0x20004978        0x4 ./IOT_SDK/Thirdparty/FreeRTOS-Kernel/tasks.o
 .bss.pxOverflowDelayedTaskList
                0x2000497c        0x4 ./IOT_SDK/Thirdparty/FreeRTOS-Kernel/tasks.o
 .bss.xPendingReadyList
                0x20004980       0x14 ./IOT_SDK/Thirdparty/FreeRTOS-Kernel/tasks.o
 .bss.xTasksWaitingTermination
                0x20004994       0x14 ./IOT_SDK/Thirdparty/FreeRTOS-Kernel/tasks.o
 .bss.uxDeletedTasksWaitingCleanUp
                0x200049a8        0x4 ./IOT_SDK/Thirdparty/FreeRTOS-Kernel/tasks.o
 .bss.xSuspendedTaskList
                0x200049ac       0x14 ./IOT_SDK/Thirdparty/FreeRTOS-Kernel/tasks.o
 .bss.uxCurrentNumberOfTasks
                0x200049c0        0x4 ./IOT_SDK/Thirdparty/FreeRTOS-Kernel/tasks.o
 .bss.xTickCount
                0x200049c4        0x4 ./IOT_SDK/Thirdparty/FreeRTOS-Kernel/tasks.o
 .bss.uxTopReadyPriority
                0x200049c8        0x4 ./IOT_SDK/Thirdparty/FreeRTOS-Kernel/tasks.o
 .bss.xSchedulerRunning
                0x200049cc        0x4 ./IOT_SDK/Thirdparty/FreeRTOS-Kernel/tasks.o
 .bss.xPendedTicks
                0x200049d0        0x4 ./IOT_SDK/Thirdparty/FreeRTOS-Kernel/tasks.o
 .bss.xYieldPendings
                0x200049d4        0x4 ./IOT_SDK/Thirdparty/FreeRTOS-Kernel/tasks.o
 .bss.xNumOfOverflows
                0x200049d8        0x4 ./IOT_SDK/Thirdparty/FreeRTOS-Kernel/tasks.o
 .bss.uxTaskNumber
                0x200049dc        0x4 ./IOT_SDK/Thirdparty/FreeRTOS-Kernel/tasks.o
 .bss.xNextTaskUnblockTime
                0x200049e0        0x4 ./IOT_SDK/Thirdparty/FreeRTOS-Kernel/tasks.o
 .bss.xIdleTaskHandles
                0x200049e4        0x4 ./IOT_SDK/Thirdparty/FreeRTOS-Kernel/tasks.o
 .bss.uxSchedulerSuspended
                0x200049e8        0x4 ./IOT_SDK/Thirdparty/FreeRTOS-Kernel/tasks.o
 .bss.xActiveTimerList1
                0x200049ec       0x14 ./IOT_SDK/Thirdparty/FreeRTOS-Kernel/timers.o
 .bss.xActiveTimerList2
                0x20004a00       0x14 ./IOT_SDK/Thirdparty/FreeRTOS-Kernel/timers.o
 .bss.pxCurrentTimerList
                0x20004a14        0x4 ./IOT_SDK/Thirdparty/FreeRTOS-Kernel/timers.o
 .bss.pxOverflowTimerList
                0x20004a18        0x4 ./IOT_SDK/Thirdparty/FreeRTOS-Kernel/timers.o
 .bss.xTimerQueue
                0x20004a1c        0x4 ./IOT_SDK/Thirdparty/FreeRTOS-Kernel/timers.o
 .bss.xTimerTaskHandle
                0x20004a20        0x4 ./IOT_SDK/Thirdparty/FreeRTOS-Kernel/timers.o
 .bss.xLastTime.2
                0x20004a24        0x4 ./IOT_SDK/Thirdparty/FreeRTOS-Kernel/timers.o
 .bss.ucStaticTimerQueueStorage.1
                0x20004a28      0x140 ./IOT_SDK/Thirdparty/FreeRTOS-Kernel/timers.o
 .bss.xStaticTimerQueue.0
                0x20004b68       0x48 ./IOT_SDK/Thirdparty/FreeRTOS-Kernel/timers.o
 .bss.ucMaxSysCallPriority
                0x20004bb0        0x1 ./IOT_SDK/Thirdparty/FreeRTOS-Kernel/portable/GCC/ARM_CM4F/port.o
 *fill*         0x20004bb1        0x3 
 .bss.ulMaxPRIGROUPValue
                0x20004bb4        0x4 ./IOT_SDK/Thirdparty/FreeRTOS-Kernel/portable/GCC/ARM_CM4F/port.o
 .bss.ucHeap    0x20004bb8     0xa000 ./IOT_SDK/Thirdparty/FreeRTOS-Kernel/portable/MemMang/heap_4.o
 .bss.xStart    0x2000ebb8        0x8 ./IOT_SDK/Thirdparty/FreeRTOS-Kernel/portable/MemMang/heap_4.o
 .bss.pxEnd     0x2000ebc0        0x4 ./IOT_SDK/Thirdparty/FreeRTOS-Kernel/portable/MemMang/heap_4.o
 .bss.xFreeBytesRemaining
                0x2000ebc4        0x4 ./IOT_SDK/Thirdparty/FreeRTOS-Kernel/portable/MemMang/heap_4.o
 .bss.xMinimumEverFreeBytesRemaining
                0x2000ebc8        0x4 ./IOT_SDK/Thirdparty/FreeRTOS-Kernel/portable/MemMang/heap_4.o
 .bss.xNumberOfSuccessfulAllocations
                0x2000ebcc        0x4 ./IOT_SDK/Thirdparty/FreeRTOS-Kernel/portable/MemMang/heap_4.o
 .bss.xNumberOfSuccessfulFrees