../Core/Src/main.c:63:6:vote_cast_task	656	static
../Core/Src/main.c:108:6:at_cmd_handle_task	1264	static
../Core/Src/main.c:181:5:main	88	static,ignoring_inline_asm
../Core/Src/main.c:293:6:SystemClock_Config	88	static
../Core/Src/main.c:347:6:UART2_Init	8	static
../Core/Src/main.c:363:6:UART1_Init	8	static
../Core/Src/main.c:379:6:MX_SPI1_Init	8	static
../Core/Src/main.c:403:6:OLED_GPIO_Init	32	static
../Core/Src/main.c:426:6:GPIO_Analog_Init	40	static
../Core/Src/main.c:446:6:GPIO_Button_Init	32	static
../Core/Src/main.c:465:6:HAL_GPIO_EXTI_Callback	24	static
../Core/Src/main.c:475:6:Scan_finger_store	32	static
../Core/Src/main.c:502:6:Img_to_char1	32	static
../Core/Src/main.c:513:6:Img_to_char2	32	static
../Core/Src/main.c:524:6:combine_to_template	32	static
../Core/Src/main.c:535:6:store_atpg	32	static
../Core/Src/main.c:554:6:uploadtostm	600	static
../Core/Src/main.c:605:6:Empty_Data	32	static
../Core/Src/main.c:617:6:Store_Data_for_People	24	static
../Core/Src/main.c:662:9:Search_the_id	104	static
../Core/Src/main.c:732:6:Scan_finger_search	32	static
../Core/Src/main.c:758:6:check	8	static
../Core/Src/main.c:762:6:Check_Total_Templates	40	static
../Core/Src/main.c:805:6:fetch_details	64	static
../Core/Src/main.c:846:6:Display_OLED_Message	16	static
../Core/Src/main.c:864:5:_write	24	static
../Core/Src/main.c:869:6:HAL_TIM_PeriodElapsedCallback	24	static
../Core/Src/main.c:882:6:UART6_Init	8	static
../Core/Src/main.c:896:6:Error_handler	8	static
../Core/Src/main.c:900:6:Error_Handler	8	static
../Core/Src/main.c:904:19:HAL_InitTick	56	static
../Core/Src/main.c:946:6:HAL_SuspendTick	4	static
../Core/Src/main.c:947:6:HAL_ResumeTick	4	static
