../Core/Src/ssd_1306.c:48:13:SSD1306_WriteCommand	16	static
../Core/Src/ssd_1306.c:55:13:SSD1306_WriteData	16	static
../Core/Src/ssd_1306.c:64:6:SSD1306_Init	8	static
../Core/Src/ssd_1306.c:108:6:SSD1306_UpdateScreen	8	static
../Core/Src/ssd_1306.c:122:6:SSD1306_Clear	8	static
../Core/Src/ssd_1306.c:126:6:SSD1306_DrawPixel	16	static
../Core/Src/ssd_1306.c:138:6:SSD1306_SetCursor	16	static
../Core/Src/ssd_1306.c:143:6:SSD1306_WriteChar	24	static
../Core/Src/ssd_1306.c:167:6:SSD1306_WriteString	16	static
