../IOT_SDK/BSP/esp32_at_io.c:32:8:esp32_io_init	24	static
../IOT_SDK/BSP/esp32_at_io.c:46:6:esp32_io_deinit	8	static
../IOT_SDK/BSP/esp32_at_io.c:50:8:esp32_io_send	16	static
../IOT_SDK/BSP/esp32_at_io.c:57:9:esp32_io_recv	32	static
../IOT_SDK/BSP/esp32_at_io.c:86:9:esp32_io_recv_nb	32	static
../IOT_SDK/BSP/esp32_at_io.c:111:6:HAL_UART_RxCpltCallback	16	static
../IOT_SDK/BSP/esp32_at_io.c:124:6:HAL_UART_ErrorCallback	16	static
../IOT_SDK/BSP/esp32_at_io.c:130:13:esp32_io_error_handler	24	static
../IOT_SDK/BSP/esp32_at_io.c:139:9:esp32_io_recv_long	32	static
